Archive member included because of file (symbol)

c:/program files (x86)/gnu tools arm embedded/4.9 2015q3/bin/../lib/gcc/arm-none-eabi/4.9.3/armv7e-m/fpu\libgcc.a(_arm_addsubdf3.o)
                              ./src/mainTick.o (__aeabi_ui2d)
c:/program files (x86)/gnu tools arm embedded/4.9 2015q3/bin/../lib/gcc/arm-none-eabi/4.9.3/armv7e-m/fpu\libgcc.a(_arm_cmpdf2.o)
                              ./src/mainTick.o (__aeabi_dcmpgt)
c:/program files (x86)/gnu tools arm embedded/4.9 2015q3/bin/../lib/gcc/arm-none-eabi/4.9.3/armv7e-m/fpu\libgcc.a(_aeabi_uldivmod.o)
                              ./synergy/ssp/src/driver/r_gpt/r_gpt.o (__aeabi_uldivmod)
c:/program files (x86)/gnu tools arm embedded/4.9 2015q3/bin/../lib/gcc/arm-none-eabi/4.9.3/armv7e-m/fpu\libgcc.a(bpabi.o)
                              c:/program files (x86)/gnu tools arm embedded/4.9 2015q3/bin/../lib/gcc/arm-none-eabi/4.9.3/armv7e-m/fpu\libgcc.a(_aeabi_uldivmod.o) (__gnu_uldivmod_helper)
c:/program files (x86)/gnu tools arm embedded/4.9 2015q3/bin/../lib/gcc/arm-none-eabi/4.9.3/armv7e-m/fpu\libgcc.a(_dvmd_tls.o)
                              c:/program files (x86)/gnu tools arm embedded/4.9 2015q3/bin/../lib/gcc/arm-none-eabi/4.9.3/armv7e-m/fpu\libgcc.a(_aeabi_uldivmod.o) (__aeabi_ldiv0)
c:/program files (x86)/gnu tools arm embedded/4.9 2015q3/bin/../lib/gcc/arm-none-eabi/4.9.3/armv7e-m/fpu\libgcc.a(_divdi3.o)
                              c:/program files (x86)/gnu tools arm embedded/4.9 2015q3/bin/../lib/gcc/arm-none-eabi/4.9.3/armv7e-m/fpu\libgcc.a(bpabi.o) (__divdi3)
c:/program files (x86)/gnu tools arm embedded/4.9 2015q3/bin/../lib/gcc/arm-none-eabi/4.9.3/armv7e-m/fpu\libgcc.a(_udivdi3.o)
                              c:/program files (x86)/gnu tools arm embedded/4.9 2015q3/bin/../lib/gcc/arm-none-eabi/4.9.3/armv7e-m/fpu\libgcc.a(bpabi.o) (__udivdi3)
c:/program files (x86)/gnu tools arm embedded/4.9 2015q3/bin/../lib/gcc/arm-none-eabi/4.9.3/../../../../arm-none-eabi/lib/armv7e-m/fpu\libg_nano.a(lib_a-errno.o)
                              ./synergy/ssp/src/bsp/mcu/all/bsp_sbrk.o (__errno)
c:/program files (x86)/gnu tools arm embedded/4.9 2015q3/bin/../lib/gcc/arm-none-eabi/4.9.3/../../../../arm-none-eabi/lib/armv7e-m/fpu\libg_nano.a(lib_a-exit.o)
                              c:/program files (x86)/gnu tools arm embedded/4.9 2015q3/bin/../lib/gcc/arm-none-eabi/4.9.3/../../../../arm-none-eabi/lib/armv7e-m/fpu/rdimon-crt0.o (exit)
c:/program files (x86)/gnu tools arm embedded/4.9 2015q3/bin/../lib/gcc/arm-none-eabi/4.9.3/../../../../arm-none-eabi/lib/armv7e-m/fpu\libg_nano.a(lib_a-impure.o)
                              c:/program files (x86)/gnu tools arm embedded/4.9 2015q3/bin/../lib/gcc/arm-none-eabi/4.9.3/../../../../arm-none-eabi/lib/armv7e-m/fpu\libg_nano.a(lib_a-exit.o) (_global_impure_ptr)
c:/program files (x86)/gnu tools arm embedded/4.9 2015q3/bin/../lib/gcc/arm-none-eabi/4.9.3/../../../../arm-none-eabi/lib/armv7e-m/fpu\libg_nano.a(lib_a-init.o)
                              c:/program files (x86)/gnu tools arm embedded/4.9 2015q3/bin/../lib/gcc/arm-none-eabi/4.9.3/../../../../arm-none-eabi/lib/armv7e-m/fpu/rdimon-crt0.o (__libc_init_array)
c:/program files (x86)/gnu tools arm embedded/4.9 2015q3/bin/../lib/gcc/arm-none-eabi/4.9.3/../../../../arm-none-eabi/lib/armv7e-m/fpu\libg_nano.a(lib_a-memset.o)
                              c:/program files (x86)/gnu tools arm embedded/4.9 2015q3/bin/../lib/gcc/arm-none-eabi/4.9.3/../../../../arm-none-eabi/lib/armv7e-m/fpu/rdimon-crt0.o (memset)
c:/program files (x86)/gnu tools arm embedded/4.9 2015q3/bin/../lib/gcc/arm-none-eabi/4.9.3/../../../../arm-none-eabi/lib/armv7e-m/fpu\librdimon_nano.a(rdimon-syscalls.o)
                              c:/program files (x86)/gnu tools arm embedded/4.9 2015q3/bin/../lib/gcc/arm-none-eabi/4.9.3/../../../../arm-none-eabi/lib/armv7e-m/fpu/rdimon-crt0.o (initialise_monitor_handles)
c:/program files (x86)/gnu tools arm embedded/4.9 2015q3/bin/../lib/gcc/arm-none-eabi/4.9.3/../../../../arm-none-eabi/lib/armv7e-m/fpu\librdimon_nano.a(rdimon-_exit.o)
                              c:/program files (x86)/gnu tools arm embedded/4.9 2015q3/bin/../lib/gcc/arm-none-eabi/4.9.3/../../../../arm-none-eabi/lib/armv7e-m/fpu\libg_nano.a(lib_a-exit.o) (_exit)
c:/program files (x86)/gnu tools arm embedded/4.9 2015q3/bin/../lib/gcc/arm-none-eabi/4.9.3/../../../../arm-none-eabi/lib/armv7e-m/fpu\librdimon_nano.a(rdimon-_kill.o)
                              c:/program files (x86)/gnu tools arm embedded/4.9 2015q3/bin/../lib/gcc/arm-none-eabi/4.9.3/../../../../arm-none-eabi/lib/armv7e-m/fpu\librdimon_nano.a(rdimon-_exit.o) (_kill)
c:/program files (x86)/gnu tools arm embedded/4.9 2015q3/bin/../lib/gcc/arm-none-eabi/4.9.3/../../../../arm-none-eabi/lib/armv7e-m/fpu\libc_nano.a(lib_a-findfp.o)
[...]
Memory Configuration

Name             Origin             Length             Attributes
FLASH            0x00000000         0x00400000         xr
RAM              0x1ffe0000         0x000a0000         xrw
DATA_FLASH       0x40100000         0x00010000         xr
QSPI_FLASH       0x60000000         0x04000000         xr
SDRAM            0x90000000         0x02000000         xrw
ID_CODES         0x40120050         0x00000010         xr
*default*        0x00000000         0xffffffff

Linker script and memory map

LOAD c:/program files (x86)/gnu tools arm embedded/4.9 2015q3/bin/../lib/gcc/arm-none-eabi/4.9.3/armv7e-m/fpu/crti.o
LOAD c:/program files (x86)/gnu tools arm embedded/4.9 2015q3/bin/../lib/gcc/arm-none-eabi/4.9.3/armv7e-m/fpu/crtbegin.o
LOAD c:/program files (x86)/gnu tools arm embedded/4.9 2015q3/bin/../lib/gcc/arm-none-eabi/4.9.3/../../../../arm-none-eabi/lib/armv7e-m/fpu/rdimon-crt0.o
START GROUP
LOAD ./synergy/ssp/src/driver/r_ioport/r_ioport.o
LOAD ./synergy/ssp/src/driver/r_gpt/r_gpt.o
LOAD ./synergy/ssp/src/driver/r_fmi/r_fmi.o
LOAD ./synergy/ssp/src/driver/r_elc/r_elc.o
LOAD ./synergy/ssp/src/driver/r_cgc/r_cgc.o
LOAD ./synergy/ssp/src/driver/r_adc/r_adc.o
LOAD ./synergy/ssp/src/bsp/mcu/s7g2/bsp_cache.o
LOAD ./synergy/ssp/src/bsp/mcu/s7g2/bsp_clocks.o
LOAD ./synergy/ssp/src/bsp/mcu/s7g2/bsp_feature.o
LOAD ./synergy/ssp/src/bsp/mcu/s7g2/bsp_fmi_R7FS7G27H3A01CFC.o
LOAD ./synergy/ssp/src/bsp/mcu/s7g2/bsp_group_irq.o
LOAD ./synergy/ssp/src/bsp/mcu/s7g2/bsp_hw_locks.o
LOAD ./synergy/ssp/src/bsp/mcu/s7g2/bsp_module_stop.o
LOAD ./synergy/ssp/src/bsp/mcu/s7g2/bsp_rom_registers.o
LOAD ./synergy/ssp/src/bsp/mcu/all/bsp_common.o
LOAD ./synergy/ssp/src/bsp/mcu/all/bsp_common_leds.o
LOAD ./synergy/ssp/src/bsp/mcu/all/bsp_delay.o
LOAD ./synergy/ssp/src/bsp/mcu/all/bsp_irq.o
LOAD ./synergy/ssp/src/bsp/mcu/all/bsp_locking.o
LOAD ./synergy/ssp/src/bsp/mcu/all/bsp_register_protection.o
LOAD ./synergy/ssp/src/bsp/mcu/all/bsp_sbrk.o
LOAD ./synergy/ssp/src/bsp/cmsis/Device/RENESAS/S7G2/Source/startup_S7G2.o
LOAD ./synergy/ssp/src/bsp/cmsis/Device/RENESAS/S7G2/Source/system_S7G2.o
LOAD ./synergy/board/s7g2_sk/bsp_init.o
LOAD ./synergy/board/s7g2_sk/bsp_leds.o
LOAD ./synergy/board/s7g2_sk/bsp_qspi.o
LOAD ./src/synergy_gen/common_data.o
LOAD ./src/synergy_gen/hal_data.o
LOAD ./src/synergy_gen/main.o
LOAD ./src/synergy_gen/pin_data.o
LOAD ./src/BtnDigitalFilter.o
LOAD ./src/hal_entry.o
LOAD ./src/mainTick.o
LOAD C:\REP16082019\IOs\synergy\ssp\src\bsp\cmsis\DSP_Lib\cm4_gcc\libDSP_Lib.a
END GROUP
START GROUP
LOAD c:/program files (x86)/gnu tools arm embedded/4.9 2015q3/bin/../lib/gcc/arm-none-eabi/4.9.3/armv7e-m/fpu\libgcc.a
LOAD c:/program files (x86)/gnu tools arm embedded/4.9 2015q3/bin/../lib/gcc/arm-none-eabi/4.9.3/../../../../arm-none-eabi/lib/armv7e-m/fpu\libg_nano.a
LOAD c:/program files (x86)/gnu tools arm embedded/4.9 2015q3/bin/../lib/gcc/arm-none-eabi/4.9.3/../../../../arm-none-eabi/lib/armv7e-m/fpu\libc_nano.a
END GROUP
START GROUP
LOAD c:/program files (x86)/gnu tools arm embedded/4.9 2015q3/bin/../lib/gcc/arm-none-eabi/4.9.3/armv7e-m/fpu\libgcc.a
LOAD c:/program files (x86)/gnu tools arm embedded/4.9 2015q3/bin/../lib/gcc/arm-none-eabi/4.9.3/../../../../arm-none-eabi/lib/armv7e-m/fpu\libc_nano.a
LOAD c:/program files (x86)/gnu tools arm embedded/4.9 2015q3/bin/../lib/gcc/arm-none-eabi/4.9.3/../../../../arm-none-eabi/lib/armv7e-m/fpu\librdimon_nano.a
END GROUP
START GROUP
LOAD c:/program files (x86)/gnu tools arm embedded/4.9 2015q3/bin/../lib/gcc/arm-none-eabi/4.9.3/armv7e-m/fpu\libgcc.a
LOAD c:/program files (x86)/gnu tools arm embedded/4.9 2015q3/bin/../lib/gcc/arm-none-eabi/4.9.3/../../../../arm-none-eabi/lib/armv7e-m/fpu\libc_nano.a
LOAD c:/program files (x86)/gnu tools arm embedded/4.9 2015q3/bin/../lib/gcc/arm-none-eabi/4.9.3/../../../../arm-none-eabi/lib/armv7e-m/fpu\librdimon_nano.a
END GROUP
LOAD c:/program files (x86)/gnu tools arm embedded/4.9 2015q3/bin/../lib/gcc/arm-none-eabi/4.9.3/armv7e-m/fpu/crtend.o
LOAD c:/program files (x86)/gnu tools arm embedded/4.9 2015q3/bin/../lib/gcc/arm-none-eabi/4.9.3/armv7e-m/fpu/crtn.o
START GROUP
LOAD c:/program files (x86)/gnu tools arm embedded/4.9 2015q3/bin/../lib/gcc/arm-none-eabi/4.9.3/armv7e-m/fpu\libgcc.a
LOAD c:/program files (x86)/gnu tools arm embedded/4.9 2015q3/bin/../lib/gcc/arm-none-eabi/4.9.3/../../../../arm-none-eabi/lib/armv7e-m/fpu\libc.a
LOAD c:/program files (x86)/gnu tools arm embedded/4.9 2015q3/bin/../lib/gcc/arm-none-eabi/4.9.3/../../../../arm-none-eabi/lib/armv7e-m/fpu\libm.a
LOAD c:/program files (x86)/gnu tools arm embedded/4.9 2015q3/bin/../lib/gcc/arm-none-eabi/4.9.3/../../../../arm-none-eabi/lib/armv7e-m/fpu\libnosys.a
END GROUP

.text           0x00000000     0x5d88
                0x00000000                __ROM_Start = .
 *(.vectors)
 .vectors       0x00000000       0x40 ./synergy/ssp/src/bsp/cmsis/Device/RENESAS/S7G2/Source/startup_S7G2.o
                0x00000000                __Vectors
 *(SORT(.vector.*))
 .vector.GPT_0_COUNTER_OVERFLOW
                0x00000040        0x4 ./src/synergy_gen/hal_data.o
                0x00000040                g_vector_GPT_0_COUNTER_OVERFLOW
                0x00000044                __Vectors_End = .
                0x00000044                __end__ = .
                0x00000400                . = (__ROM_Start + 0x400)
 *fill*         0x00000044      0x3bc ff
 *(.rom_registers*)
 .rom_registers
                0x00000400       0x3c ./synergy/ssp/src/bsp/mcu/s7g2/bsp_rom_registers.o
                0x00000500                . = (__ROM_Start + 0x500)
 *fill*         0x0000043c       0xc4 ff
                0x00000500                __Vector_Info_Start = .
 *(SORT(.vector_info.*))
 .vector_info.GPT_0_COUNTER_OVERFLOW
                0x00000500        0x8 ./src/synergy_gen/hal_data.o
                0x00000500                g_vector_info_GPT_0_COUNTER_OVERFLOW
                0x00000508                __Vector_Info_End = .
                0x00000508                __Lock_Lookup_Start = .
 *(SORT(.hw_lock_lookup.*))
 .hw_lock_lookup.ADC_0U_0U
                0x00000508        0x4 ./synergy/ssp/src/bsp/mcu/s7g2/bsp_hw_locks.o
                0x00000508                g_lock_lookup_ADC_0U_0U
 .hw_lock_lookup.ADC_0U_1U
                0x0000050c        0x4 ./synergy/ssp/src/bsp/mcu/s7g2/bsp_hw_locks.o
                0x0000050c                g_lock_lookup_ADC_0U_1U
 .hw_lock_lookup.AGT_0U_0U
                0x00000510        0x4 ./synergy/ssp/src/bsp/mcu/s7g2/bsp_hw_locks.o
                0x00000510                g_lock_lookup_AGT_0U_0U
 .hw_lock_lookup.AGT_0U_1U
                0x00000514        0x4 ./synergy/ssp/src/bsp/mcu/s7g2/bsp_hw_locks.o
                0x00000514                g_lock_lookup_AGT_0U_1U
 .hw_lock_lookup.BSC_0U_1U
                0x00000518        0x4 ./synergy/ssp/src/bsp/mcu/s7g2/bsp_hw_locks.o
                0x00000518                g_lock_lookup_BSC_0U_1U
 .hw_lock_lookup.CAC_0U_0U
                0x0000051c        0x4 ./synergy/ssp/src/bsp/mcu/s7g2/bsp_hw_locks.o
                0x0000051c                g_lock_lookup_CAC_0U_0U
 .hw_lock_lookup.CAN_0U_0U
                0x00000520        0x4 ./synergy/ssp/src/bsp/mcu/s7g2/bsp_hw_locks.o
                0x00000520                g_lock_lookup_CAN_0U_0U
 .hw_lock_lookup.CAN_0U_1U
                0x00000524        0x4 ./synergy/ssp/src/bsp/mcu/s7g2/bsp_hw_locks.o
                0x00000524                g_lock_lookup_CAN_0U_1U
 .hw_lock_lookup.COMP_HS_0U_0U
                0x00000528        0x4 ./synergy/ssp/src/bsp/mcu/s7g2/bsp_hw_locks.o
                0x00000528                g_lock_lookup_COMP_HS_0U_0U
 .hw_lock_lookup.COMP_HS_0U_1U
                0x0000052c        0x4 ./synergy/ssp/src/bsp/mcu/s7g2/bsp_hw_locks.o
                0x0000052c                g_lock_lookup_COMP_HS_0U_1U
 .hw_lock_lookup.COMP_HS_0U_2U
                0x00000530        0x4 ./synergy/ssp/src/bsp/mcu/s7g2/bsp_hw_locks.o
                0x00000530                g_lock_lookup_COMP_HS_0U_2U
 .hw_lock_lookup.COMP_HS_0U_3U
                0x00000534        0x4 ./synergy/ssp/src/bsp/mcu/s7g2/bsp_hw_locks.o
                0x00000534                g_lock_lookup_COMP_HS_0U_3U
 .hw_lock_lookup.COMP_HS_0U_4U
                0x00000538        0x4 ./synergy/ssp/src/bsp/mcu/s7g2/bsp_hw_locks.o
                0x00000538                g_lock_lookup_COMP_HS_0U_4U
 .hw_lock_lookup.COMP_HS_0U_5U
                0x0000053c        0x4 ./synergy/ssp/src/bsp/mcu/s7g2/bsp_hw_locks.o
                0x0000053c                g_lock_lookup_COMP_HS_0U_5U
 .hw_lock_lookup.CRC_0U_0U
                0x00000540        0x4 ./synergy/ssp/src/bsp/mcu/s7g2/bsp_hw_locks.o
                0x00000540                g_lock_lookup_CRC_0U_0U
 .hw_lock_lookup.CTSU_0U_0U
                0x00000544        0x4 ./synergy/ssp/src/bsp/mcu/s7g2/bsp_hw_locks.o
                0x00000544                g_lock_lookup_CTSU_0U_0U
 .hw_lock_lookup.DAAD_0U_0U
                0x00000548        0x4 ./synergy/ssp/src/bsp/mcu/s7g2/bsp_hw_locks.o
                0x00000548                g_lock_lookup_DAAD_0U_0U
 .hw_lock_lookup.DAC_0U_0U
                0x0000054c        0x4 ./synergy/ssp/src/bsp/mcu/s7g2/bsp_hw_locks.o
                0x0000054c                g_lock_lookup_DAC_0U_0U
 .hw_lock_lookup.DAC_0U_1U
                0x00000550        0x4 ./synergy/ssp/src/bsp/mcu/s7g2/bsp_hw_locks.o
                0x00000550                g_lock_lookup_DAC_0U_1U
 .hw_lock_lookup.DMAC_0U_0U
                0x00000554        0x4 ./synergy/ssp/src/bsp/mcu/s7g2/bsp_hw_locks.o
                0x00000554                g_lock_lookup_DMAC_0U_0U
 .hw_lock_lookup.DMAC_0U_1U
                0x00000558        0x4 ./synergy/ssp/src/bsp/mcu/s7g2/bsp_hw_locks.o
                0x00000558                g_lock_lookup_DMAC_0U_1U
 .hw_lock_lookup.DMAC_0U_2U
                0x0000055c        0x4 ./synergy/ssp/src/bsp/mcu/s7g2/bsp_hw_locks.o
                0x0000055c                g_lock_lookup_DMAC_0U_2U
 .hw_lock_lookup.DMAC_0U_3U
                0x00000560        0x4 ./synergy/ssp/src/bsp/mcu/s7g2/bsp_hw_locks.o
                0x00000560                g_lock_lookup_DMAC_0U_3U
 .hw_lock_lookup.DMAC_0U_4U
                0x00000564        0x4 ./synergy/ssp/src/bsp/mcu/s7g2/bsp_hw_locks.o
                0x00000564                g_lock_lookup_DMAC_0U_4U
 .hw_lock_lookup.DMAC_0U_5U
                0x00000568        0x4 ./synergy/ssp/src/bsp/mcu/s7g2/bsp_hw_locks.o
                0x00000568                g_lock_lookup_DMAC_0U_5U
 .hw_lock_lookup.DMAC_0U_6U
                0x0000056c        0x4 ./synergy/ssp/src/bsp/mcu/s7g2/bsp_hw_locks.o
                0x0000056c                g_lock_lookup_DMAC_0U_6U
 .hw_lock_lookup.DMAC_0U_7U
                0x00000570        0x4 ./synergy/ssp/src/bsp/mcu/s7g2/bsp_hw_locks.o
                0x00000570                g_lock_lookup_DMAC_0U_7U
 .hw_lock_lookup.DOC_0U_0U
                0x00000574        0x4 ./synergy/ssp/src/bsp/mcu/s7g2/bsp_hw_locks.o
                0x00000574                g_lock_lookup_DOC_0U_0U
 .hw_lock_lookup.DRW_0U_0U
                0x00000578        0x4 ./synergy/ssp/src/bsp/mcu/s7g2/bsp_hw_locks.o
                0x00000578                g_lock_lookup_DRW_0U_0U
 .hw_lock_lookup.DTC_0U_0U
                0x0000057c        0x4 ./synergy/ssp/src/bsp/mcu/s7g2/bsp_hw_locks.o
                0x0000057c                g_lock_lookup_DTC_0U_0U
 .hw_lock_lookup.ELC_0U_0U
                0x00000580        0x4 ./synergy/ssp/src/bsp/mcu/s7g2/bsp_hw_locks.o
                0x00000580                g_lock_lookup_ELC_0U_0U
 .hw_lock_lookup.EPTPC_0U_0U
                0x00000584        0x4 ./synergy/ssp/src/bsp/mcu/s7g2/bsp_hw_locks.o
                0x00000584                g_lock_lookup_EPTPC_0U_0U
 .hw_lock_lookup.ETHER_0U_0U
                0x00000588        0x4 ./synergy/ssp/src/bsp/mcu/s7g2/bsp_hw_locks.o
                0x00000588                g_lock_lookup_ETHER_0U_0U
 .hw_lock_lookup.ETHER_0U_1U
                0x0000058c        0x4 ./synergy/ssp/src/bsp/mcu/s7g2/bsp_hw_locks.o
                0x0000058c                g_lock_lookup_ETHER_0U_1U
 .hw_lock_lookup.FCU_0U_0U
                0x00000590        0x4 ./synergy/ssp/src/bsp/mcu/s7g2/bsp_hw_locks.o
                0x00000590                g_lock_lookup_FCU_0U_0U
 .hw_lock_lookup.GLCDC_0U_0U
                0x00000594        0x4 ./synergy/ssp/src/bsp/mcu/s7g2/bsp_hw_locks.o
                0x00000594                g_lock_lookup_GLCDC_0U_0U
 .hw_lock_lookup.GPT_0U_0U
                0x00000598        0x4 ./synergy/ssp/src/bsp/mcu/s7g2/bsp_hw_locks.o
                0x00000598                g_lock_lookup_GPT_0U_0U
 .hw_lock_lookup.GPT_0U_10U
                0x0000059c        0x4 ./synergy/ssp/src/bsp/mcu/s7g2/bsp_hw_locks.o
                0x0000059c                g_lock_lookup_GPT_0U_10U
 .hw_lock_lookup.GPT_0U_11U
                0x000005a0        0x4 ./synergy/ssp/src/bsp/mcu/s7g2/bsp_hw_locks.o
                0x000005a0                g_lock_lookup_GPT_0U_11U
 .hw_lock_lookup.GPT_0U_12U
                0x000005a4        0x4 ./synergy/ssp/src/bsp/mcu/s7g2/bsp_hw_locks.o
                0x000005a4                g_lock_lookup_GPT_0U_12U
 .hw_lock_lookup.GPT_0U_13U
                0x000005a8        0x4 ./synergy/ssp/src/bsp/mcu/s7g2/bsp_hw_locks.o
                0x000005a8                g_lock_lookup_GPT_0U_13U
 .hw_lock_lookup.GPT_0U_1U
                0x000005ac        0x4 ./synergy/ssp/src/bsp/mcu/s7g2/bsp_hw_locks.o
                0x000005ac                g_lock_lookup_GPT_0U_1U
 .hw_lock_lookup.GPT_0U_2U
                0x000005b0        0x4 ./synergy/ssp/src/bsp/mcu/s7g2/bsp_hw_locks.o
                0x000005b0                g_lock_lookup_GPT_0U_2U
 .hw_lock_lookup.GPT_0U_3U
                0x000005b4        0x4 ./synergy/ssp/src/bsp/mcu/s7g2/bsp_hw_locks.o
                0x000005b4                g_lock_lookup_GPT_0U_3U
 .hw_lock_lookup.GPT_0U_4U
                0x000005b8        0x4 ./synergy/ssp/src/bsp/mcu/s7g2/bsp_hw_locks.o
                0x000005b8                g_lock_lookup_GPT_0U_4U
 .hw_lock_lookup.GPT_0U_5U
                0x000005bc        0x4 ./synergy/ssp/src/bsp/mcu/s7g2/bsp_hw_locks.o
                0x000005bc                g_lock_lookup_GPT_0U_5U
 .hw_lock_lookup.GPT_0U_6U
                0x000005c0        0x4 ./synergy/ssp/src/bsp/mcu/s7g2/bsp_hw_locks.o
                0x000005c0                g_lock_lookup_GPT_0U_6U
 .hw_lock_lookup.GPT_0U_7U
                0x000005c4        0x4 ./synergy/ssp/src/bsp/mcu/s7g2/bsp_hw_locks.o
                0x000005c4                g_lock_lookup_GPT_0U_7U
 .hw_lock_lookup.GPT_0U_8U
                0x000005c8        0x4 ./synergy/ssp/src/bsp/mcu/s7g2/bsp_hw_locks.o
                0x000005c8                g_lock_lookup_GPT_0U_8U
 .hw_lock_lookup.GPT_0U_9U
                0x000005cc        0x4 ./synergy/ssp/src/bsp/mcu/s7g2/bsp_hw_locks.o
                0x000005cc                g_lock_lookup_GPT_0U_9U
 .hw_lock_lookup.ICU_0U_0U
                0x000005d0        0x4 ./synergy/ssp/src/bsp/mcu/s7g2/bsp_hw_locks.o
                0x000005d0                g_lock_lookup_ICU_0U_0U
 .hw_lock_lookup.ICU_0U_10U
                0x000005d4        0x4 ./synergy/ssp/src/bsp/mcu/s7g2/bsp_hw_locks.o
                0x000005d4                g_lock_lookup_ICU_0U_10U
 .hw_lock_lookup.ICU_0U_11U
                0x000005d8        0x4 ./synergy/ssp/src/bsp/mcu/s7g2/bsp_hw_locks.o
                0x000005d8                g_lock_lookup_ICU_0U_11U
 .hw_lock_lookup.ICU_0U_12U
                0x000005dc        0x4 ./synergy/ssp/src/bsp/mcu/s7g2/bsp_hw_locks.o
                0x000005dc                g_lock_lookup_ICU_0U_12U
 .hw_lock_lookup.ICU_0U_13U
                0x000005e0        0x4 ./synergy/ssp/src/bsp/mcu/s7g2/bsp_hw_locks.o
                0x000005e0                g_lock_lookup_ICU_0U_13U
 .hw_lock_lookup.ICU_0U_14U
                0x000005e4        0x4 ./synergy/ssp/src/bsp/mcu/s7g2/bsp_hw_locks.o
                0x000005e4                g_lock_lookup_ICU_0U_14U
 .hw_lock_lookup.ICU_0U_15U
                0x000005e8        0x4 ./synergy/ssp/src/bsp/mcu/s7g2/bsp_hw_locks.o
                0x000005e8                g_lock_lookup_ICU_0U_15U
 .hw_lock_lookup.ICU_0U_1U
                0x000005ec        0x4 ./synergy/ssp/src/bsp/mcu/s7g2/bsp_hw_locks.o
                0x000005ec                g_lock_lookup_ICU_0U_1U
 .hw_lock_lookup.ICU_0U_2U
                0x000005f0        0x4 ./synergy/ssp/src/bsp/mcu/s7g2/bsp_hw_locks.o
                0x000005f0                g_lock_lookup_ICU_0U_2U
 .hw_lock_lookup.ICU_0U_3U
                0x000005f4        0x4 ./synergy/ssp/src/bsp/mcu/s7g2/bsp_hw_locks.o
                0x000005f4                g_lock_lookup_ICU_0U_3U
 .hw_lock_lookup.ICU_0U_4U
                0x000005f8        0x4 ./synergy/ssp/src/bsp/mcu/s7g2/bsp_hw_locks.o
                0x000005f8                g_lock_lookup_ICU_0U_4U
 .hw_lock_lookup.ICU_0U_5U
                0x000005fc        0x4 ./synergy/ssp/src/bsp/mcu/s7g2/bsp_hw_locks.o
                0x000005fc                g_lock_lookup_ICU_0U_5U
 .hw_lock_lookup.ICU_0U_6U
                0x00000600        0x4 ./synergy/ssp/src/bsp/mcu/s7g2/bsp_hw_locks.o
                0x00000600                g_lock_lookup_ICU_0U_6U
 .hw_lock_lookup.ICU_0U_7U
                0x00000604        0x4 ./synergy/ssp/src/bsp/mcu/s7g2/bsp_hw_locks.o
                0x00000604                g_lock_lookup_ICU_0U_7U
 .hw_lock_lookup.ICU_0U_8U
                0x00000608        0x4 ./synergy/ssp/src/bsp/mcu/s7g2/bsp_hw_locks.o
                0x00000608                g_lock_lookup_ICU_0U_8U
 .hw_lock_lookup.ICU_0U_9U
                0x0000060c        0x4 ./synergy/ssp/src/bsp/mcu/s7g2/bsp_hw_locks.o
                0x0000060c                g_lock_lookup_ICU_0U_9U
 .hw_lock_lookup.IIC_0U_0U
                0x00000610        0x4 ./synergy/ssp/src/bsp/mcu/s7g2/bsp_hw_locks.o
                0x00000610                g_lock_lookup_IIC_0U_0U
 .hw_lock_lookup.IIC_0U_1U
                0x00000614        0x4 ./synergy/ssp/src/bsp/mcu/s7g2/bsp_hw_locks.o
                0x00000614                g_lock_lookup_IIC_0U_1U
 .hw_lock_lookup.IIC_0U_2U
                0x00000618        0x4 ./synergy/ssp/src/bsp/mcu/s7g2/bsp_hw_locks.o
                0x00000618                g_lock_lookup_IIC_0U_2U
 .hw_lock_lookup.IRDA_0U_0U
                0x0000061c        0x4 ./synergy/ssp/src/bsp/mcu/s7g2/bsp_hw_locks.o
                0x0000061c                g_lock_lookup_IRDA_0U_0U
 .hw_lock_lookup.IWDT_0U_0U
                0x00000620        0x4 ./synergy/ssp/src/bsp/mcu/s7g2/bsp_hw_locks.o
                0x00000620                g_lock_lookup_IWDT_0U_0U
 .hw_lock_lookup.JPEG_0U_0U
                0x00000624        0x4 ./synergy/ssp/src/bsp/mcu/s7g2/bsp_hw_locks.o
                0x00000624                g_lock_lookup_JPEG_0U_0U
 .hw_lock_lookup.KEY_0U_0U
                0x00000628        0x4 ./synergy/ssp/src/bsp/mcu/s7g2/bsp_hw_locks.o
                0x00000628                g_lock_lookup_KEY_0U_0U
 .hw_lock_lookup.LPM_1U_0U
                0x0000062c        0x4 ./synergy/ssp/src/bsp/mcu/s7g2/bsp_hw_locks.o
                0x0000062c                g_lock_lookup_LPM_1U_0U
 .hw_lock_lookup.LVD_0U_0U
                0x00000630        0x4 ./synergy/ssp/src/bsp/mcu/s7g2/bsp_hw_locks.o
                0x00000630                g_lock_lookup_LVD_0U_0U
 .hw_lock_lookup.LVD_0U_1U
                0x00000634        0x4 ./synergy/ssp/src/bsp/mcu/s7g2/bsp_hw_locks.o
                0x00000634                g_lock_lookup_LVD_0U_1U
 .hw_lock_lookup.MMF_0U_0U
                0x00000638        0x4 ./synergy/ssp/src/bsp/mcu/s7g2/bsp_hw_locks.o
                0x00000638                g_lock_lookup_MMF_0U_0U
 .hw_lock_lookup.MPU_0U_0U
                0x0000063c        0x4 ./synergy/ssp/src/bsp/mcu/s7g2/bsp_hw_locks.o
                0x0000063c                g_lock_lookup_MPU_0U_0U
 .hw_lock_lookup.OPS_0U_0U
                0x00000640        0x4 ./synergy/ssp/src/bsp/mcu/s7g2/bsp_hw_locks.o
                0x00000640                g_lock_lookup_OPS_0U_0U
 .hw_lock_lookup.PDC_0U_0U
                0x00000644        0x4 ./synergy/ssp/src/bsp/mcu/s7g2/bsp_hw_locks.o
                0x00000644                g_lock_lookup_PDC_0U_0U
 .hw_lock_lookup.POEG_0U_0U
                0x00000648        0x4 ./synergy/ssp/src/bsp/mcu/s7g2/bsp_hw_locks.o
                0x00000648                g_lock_lookup_POEG_0U_0U
 .hw_lock_lookup.POEG_0U_1U
                0x0000064c        0x4 ./synergy/ssp/src/bsp/mcu/s7g2/bsp_hw_locks.o
                0x0000064c                g_lock_lookup_POEG_0U_1U
 .hw_lock_lookup.POEG_0U_2U
                0x00000650        0x4 ./synergy/ssp/src/bsp/mcu/s7g2/bsp_hw_locks.o
                0x00000650                g_lock_lookup_POEG_0U_2U
 .hw_lock_lookup.POEG_0U_3U
                0x00000654        0x4 ./synergy/ssp/src/bsp/mcu/s7g2/bsp_hw_locks.o
                0x00000654                g_lock_lookup_POEG_0U_3U
 .hw_lock_lookup.QSPI_0U_0U
                0x00000658        0x4 ./synergy/ssp/src/bsp/mcu/s7g2/bsp_hw_locks.o
                0x00000658                g_lock_lookup_QSPI_0U_0U
 .hw_lock_lookup.RTC_0U_0U
                0x0000065c        0x4 ./synergy/ssp/src/bsp/mcu/s7g2/bsp_hw_locks.o
                0x0000065c                g_lock_lookup_RTC_0U_0U
 .hw_lock_lookup.SCE_0U_0U
                0x00000660        0x4 ./synergy/ssp/src/bsp/mcu/s7g2/bsp_hw_locks.o
                0x00000660                g_lock_lookup_SCE_0U_0U
 .hw_lock_lookup.SCI_0U_0U
                0x00000664        0x4 ./synergy/ssp/src/bsp/mcu/s7g2/bsp_hw_locks.o
                0x00000664                g_lock_lookup_SCI_0U_0U
 .hw_lock_lookup.SCI_0U_1U
                0x00000668        0x4 ./synergy/ssp/src/bsp/mcu/s7g2/bsp_hw_locks.o
                0x00000668                g_lock_lookup_SCI_0U_1U
 .hw_lock_lookup.SCI_0U_2U
                0x0000066c        0x4 ./synergy/ssp/src/bsp/mcu/s7g2/bsp_hw_locks.o
                0x0000066c                g_lock_lookup_SCI_0U_2U
 .hw_lock_lookup.SCI_0U_3U
                0x00000670        0x4 ./synergy/ssp/src/bsp/mcu/s7g2/bsp_hw_locks.o
                0x00000670                g_lock_lookup_SCI_0U_3U
 .hw_lock_lookup.SCI_0U_4U
                0x00000674        0x4 ./synergy/ssp/src/bsp/mcu/s7g2/bsp_hw_locks.o
                0x00000674                g_lock_lookup_SCI_0U_4U
 .hw_lock_lookup.SCI_0U_5U
                0x00000678        0x4 ./synergy/ssp/src/bsp/mcu/s7g2/bsp_hw_locks.o
                0x00000678                g_lock_lookup_SCI_0U_5U
 .hw_lock_lookup.SCI_0U_6U
                0x0000067c        0x4 ./synergy/ssp/src/bsp/mcu/s7g2/bsp_hw_locks.o
                0x0000067c                g_lock_lookup_SCI_0U_6U
 .hw_lock_lookup.SCI_0U_7U
                0x00000680        0x4 ./synergy/ssp/src/bsp/mcu/s7g2/bsp_hw_locks.o
                0x00000680                g_lock_lookup_SCI_0U_7U
 .hw_lock_lookup.SCI_0U_8U
                0x00000684        0x4 ./synergy/ssp/src/bsp/mcu/s7g2/bsp_hw_locks.o
                0x00000684                g_lock_lookup_SCI_0U_8U
 .hw_lock_lookup.SCI_0U_9U
                0x00000688        0x4 ./synergy/ssp/src/bsp/mcu/s7g2/bsp_hw_locks.o
                0x00000688                g_lock_lookup_SCI_0U_9U
 .hw_lock_lookup.SDHIMMC_0U_0U
                0x0000068c        0x4 ./synergy/ssp/src/bsp/mcu/s7g2/bsp_hw_locks.o
                0x0000068c                g_lock_lookup_SDHIMMC_0U_0U
 .hw_lock_lookup.SDHIMMC_0U_1U
                0x00000690        0x4 ./synergy/ssp/src/bsp/mcu/s7g2/bsp_hw_locks.o
                0x00000690                g_lock_lookup_SDHIMMC_0U_1U
 .hw_lock_lookup.SPI_0U_0U
                0x00000694        0x4 ./synergy/ssp/src/bsp/mcu/s7g2/bsp_hw_locks.o
                0x00000694                g_lock_lookup_SPI_0U_0U
 .hw_lock_lookup.SPI_0U_1U
                0x00000698        0x4 ./synergy/ssp/src/bsp/mcu/s7g2/bsp_hw_locks.o
                0x00000698                g_lock_lookup_SPI_0U_1U
 .hw_lock_lookup.SRC_0U_0U
                0x0000069c        0x4 ./synergy/ssp/src/bsp/mcu/s7g2/bsp_hw_locks.o
                0x0000069c                g_lock_lookup_SRC_0U_0U
 .hw_lock_lookup.SSI_0U_0U
                0x000006a0        0x4 ./synergy/ssp/src/bsp/mcu/s7g2/bsp_hw_locks.o
                0x000006a0                g_lock_lookup_SSI_0U_0U
 .hw_lock_lookup.SSI_0U_1U
                0x000006a4        0x4 ./synergy/ssp/src/bsp/mcu/s7g2/bsp_hw_locks.o
                0x000006a4                g_lock_lookup_SSI_0U_1U
 .hw_lock_lookup.TSN_0U_0U
                0x000006a8        0x4 ./synergy/ssp/src/bsp/mcu/s7g2/bsp_hw_locks.o
                0x000006a8                g_lock_lookup_TSN_0U_0U
 .hw_lock_lookup.USB_0U_0U
                0x000006ac        0x4 ./synergy/ssp/src/bsp/mcu/s7g2/bsp_hw_locks.o
                0x000006ac                g_lock_lookup_USB_0U_0U
 .hw_lock_lookup.USB_1U_0U
                0x000006b0        0x4 ./synergy/ssp/src/bsp/mcu/s7g2/bsp_hw_locks.o
                0x000006b0                g_lock_lookup_USB_1U_0U
 .hw_lock_lookup.WDT_0U_0U
                0x000006b4        0x4 ./synergy/ssp/src/bsp/mcu/s7g2/bsp_hw_locks.o
                0x000006b4                g_lock_lookup_WDT_0U_0U
                0x000006b8                __Lock_Lookup_End = .
 *(.text*)
 .text          0x000006b8       0x5c c:/program files (x86)/gnu tools arm embedded/4.9 2015q3/bin/../lib/gcc/arm-none-eabi/4.9.3/armv7e-m/fpu/crtbegin.o
 .text.R_IOPORT_PinRead
                0x00000714       0x48 ./synergy/ssp/src/driver/r_ioport/r_ioport.o
                0x00000714                R_IOPORT_PinRead
 .text.R_IOPORT_PortRead
                0x0000075c       0x28 ./synergy/ssp/src/driver/r_ioport/r_ioport.o
                0x0000075c                R_IOPORT_PortRead
 .text.R_IOPORT_PortEventInputRead
                0x00000784       0x28 ./synergy/ssp/src/driver/r_ioport/r_ioport.o
                0x00000784                R_IOPORT_PortEventInputRead
 .text.R_IOPORT_PinEventInputRead
                0x000007ac       0x58 ./synergy/ssp/src/driver/r_ioport/r_ioport.o
                0x000007ac                R_IOPORT_PinEventInputRead
 .text.R_IOPORT_PortEventOutputWrite
                0x00000804       0x38 ./synergy/ssp/src/driver/r_ioport/r_ioport.o
                0x00000804                R_IOPORT_PortEventOutputWrite
 .text.R_IOPORT_PinEventOutputWrite
                0x0000083c       0x5c ./synergy/ssp/src/driver/r_ioport/r_ioport.o
                0x0000083c                R_IOPORT_PinEventOutputWrite
 .text.R_IOPORT_VersionGet
                0x00000898       0x18 ./synergy/ssp/src/driver/r_ioport/r_ioport.o
                0x00000898                R_IOPORT_VersionGet
 .text.R_IOPORT_PinWrite
                0x000008b0       0x54 ./synergy/ssp/src/driver/r_ioport/r_ioport.o
                0x000008b0                R_IOPORT_PinWrite
 .text.R_IOPORT_PinDirectionSet
                0x00000904       0xcc ./synergy/ssp/src/driver/r_ioport/r_ioport.o
                0x00000904                R_IOPORT_PinDirectionSet
 .text.R_IOPORT_PortWrite
                0x000009d0       0x38 ./synergy/ssp/src/driver/r_ioport/r_ioport.o
                0x000009d0                R_IOPORT_PortWrite
 .text.R_IOPORT_PortDirectionSet
                0x00000a08       0x40 ./synergy/ssp/src/driver/r_ioport/r_ioport.o
                0x00000a08                R_IOPORT_PortDirectionSet
 .text.bsp_vbatt_init.isra.4
                0x00000a48       0x8c ./synergy/ssp/src/driver/r_ioport/r_ioport.o
 .text.R_IOPORT_EthernetModeCfg
                0x00000ad4       0x58 ./synergy/ssp/src/driver/r_ioport/r_ioport.o
                0x00000ad4                R_IOPORT_EthernetModeCfg
 .text.R_IOPORT_PinsCfg
                0x00000b2c       0xe0 ./synergy/ssp/src/driver/r_ioport/r_ioport.o
                0x00000b2c                R_IOPORT_PinsCfg
 .text.R_IOPORT_Init
                0x00000c0c       0x78 ./synergy/ssp/src/driver/r_ioport/r_ioport.o
                0x00000c0c                R_IOPORT_Init
 .text.R_IOPORT_PinCfg
                0x00000c84       0xd0 ./synergy/ssp/src/driver/r_ioport/r_ioport.o
                0x00000c84                R_IOPORT_PinCfg
 .text.R_GPT_Stop
                0x00000d54       0x28 ./synergy/ssp/src/driver/r_gpt/r_gpt.o
                0x00000d54                R_GPT_Stop
 .text.R_GPT_Start
                0x00000d7c       0x28 ./synergy/ssp/src/driver/r_gpt/r_gpt.o
                0x00000d7c                R_GPT_Start
 .text.R_GPT_CounterGet
                0x00000da4       0x24 ./synergy/ssp/src/driver/r_gpt/r_gpt.o
                0x00000da4                R_GPT_CounterGet
 .text.R_GPT_InfoGet
                0x00000dc8       0x88 ./synergy/ssp/src/driver/r_gpt/r_gpt.o
                0x00000dc8                R_GPT_InfoGet
 .text.R_GPT_VersionGet
                0x00000e50       0x14 ./synergy/ssp/src/driver/r_gpt/r_gpt.o
                0x00000e50                R_GPT_VersionGet
 *fill*         0x00000e64        0x4 ff
 .text.gpt_period_to_pclk
                0x00000e68      0x108 ./synergy/ssp/src/driver/r_gpt/r_gpt.o
 .text.gpt_duty_cycle_to_pclk
                0x00000f70       0x80 ./synergy/ssp/src/driver/r_gpt/r_gpt.o
 .text.R_GPT_Close
                0x00000ff0       0x98 ./synergy/ssp/src/driver/r_gpt/r_gpt.o
                0x00000ff0                R_GPT_Close
 .text.R_GPT_Reset
                0x00001088       0x4c ./synergy/ssp/src/driver/r_gpt/r_gpt.o
                0x00001088                R_GPT_Reset
 .text.R_GPT_PeriodSet
                0x000010d4       0x84 ./synergy/ssp/src/driver/r_gpt/r_gpt.o
                0x000010d4                R_GPT_PeriodSet
 .text.R_GPT_DutyCycleSet
                0x00001158       0xa4 ./synergy/ssp/src/driver/r_gpt/r_gpt.o
                0x00001158                R_GPT_DutyCycleSet
 .text.R_GPT_TimerOpen
                0x000011fc      0x494 ./synergy/ssp/src/driver/r_gpt/r_gpt.o
                0x000011fc                R_GPT_TimerOpen
 .text.gpt_counter_overflow_isr
                0x00001690       0x68 ./synergy/ssp/src/driver/r_gpt/r_gpt.o
                0x00001690                gpt_counter_overflow_isr
 .text.R_FMI_ProductInfoGet
                0x000016f8       0x28 ./synergy/ssp/src/driver/r_fmi/r_fmi.o
 .text.R_FMI_UniqueIdGet
                0x00001720       0x30 ./synergy/ssp/src/driver/r_fmi/r_fmi.o
 .text.R_FMI_EventInfoGet
                0x00001750       0x6c ./synergy/ssp/src/driver/r_fmi/r_fmi.o
 .text.R_FMI_VersionGet
                0x000017bc       0x14 ./synergy/ssp/src/driver/r_fmi/r_fmi.o
 .text.R_FMI_Init
                0x000017d0       0xbc ./synergy/ssp/src/driver/r_fmi/r_fmi.o
 .text.R_FMI_FeatureGet
                0x0000188c      0x244 ./synergy/ssp/src/driver/r_fmi/r_fmi.o
 .text.R_ELC_LinkSet
                0x00001ad0       0x14 ./synergy/ssp/src/driver/r_elc/r_elc.o
                0x00001ad0                R_ELC_LinkSet
 .text.R_ELC_LinkBreak
                0x00001ae4       0x14 ./synergy/ssp/src/driver/r_elc/r_elc.o
                0x00001ae4                R_ELC_LinkBreak
 .text.R_ELC_Enable
                0x00001af8       0x14 ./synergy/ssp/src/driver/r_elc/r_elc.o
                0x00001af8                R_ELC_Enable
 .text.R_ELC_Disable
                0x00001b0c       0x14 ./synergy/ssp/src/driver/r_elc/r_elc.o
                0x00001b0c                R_ELC_Disable
 .text.R_ELC_VersionGet
                0x00001b20       0x14 ./synergy/ssp/src/driver/r_elc/r_elc.o
                0x00001b20                R_ELC_VersionGet
 .text.R_ELC_SoftwareEventGenerate
                0x00001b34       0x30 ./synergy/ssp/src/driver/r_elc/r_elc.o
                0x00001b34                R_ELC_SoftwareEventGenerate
 .text.R_ELC_Init
                0x00001b64       0x80 ./synergy/ssp/src/driver/r_elc/r_elc.o
                0x00001b64                R_ELC_Init
 .text.R_CGC_SystemClockGet
                0x00001be4       0x58 ./synergy/ssp/src/driver/r_cgc/r_cgc.o
                0x00001be4                R_CGC_SystemClockGet
 .text.R_CGC_LCDClockCfg
                0x00001c3c        0x4 ./synergy/ssp/src/driver/r_cgc/r_cgc.o
                0x00001c3c                R_CGC_LCDClockCfg
 .text.R_CGC_LCDClockEnable
                0x00001c40        0x4 ./synergy/ssp/src/driver/r_cgc/r_cgc.o
                0x00001c40                R_CGC_LCDClockEnable
 .text.R_CGC_LCDClockDisable
                0x00001c44        0x4 ./synergy/ssp/src/driver/r_cgc/r_cgc.o
                0x00001c44                R_CGC_LCDClockDisable
 .text.R_CGC_SDADCClockCfg
                0x00001c48        0x4 ./synergy/ssp/src/driver/r_cgc/r_cgc.o
                0x00001c48                R_CGC_SDADCClockCfg
 .text.R_CGC_SDADCClockEnable
                0x00001c4c        0x4 ./synergy/ssp/src/driver/r_cgc/r_cgc.o
                0x00001c4c                R_CGC_SDADCClockEnable
 .text.R_CGC_SDADCClockDisable
                0x00001c50        0x4 ./synergy/ssp/src/driver/r_cgc/r_cgc.o
                0x00001c50                R_CGC_SDADCClockDisable
 .text.R_CGC_VersionGet
                0x00001c54       0x14 ./synergy/ssp/src/driver/r_cgc/r_cgc.o
                0x00001c54                R_CGC_VersionGet
 .text.r_cgc_init_pllfreq
                0x00001c68       0xe4 ./synergy/ssp/src/driver/r_cgc/r_cgc.o
 .text.r_cgc_clock_check
                0x00001d4c       0x2c ./synergy/ssp/src/driver/r_cgc/r_cgc.o
 .text.r_cgc_system_dividers_set
                0x00001d78       0x48 ./synergy/ssp/src/driver/r_cgc/r_cgc.o
 .text.R_CGC_OscStopStatusClear
                0x00001dc0       0x68 ./synergy/ssp/src/driver/r_cgc/r_cgc.o
                0x00001dc0                R_CGC_OscStopStatusClear
 .text.R_CGC_BusClockOutCfg
                0x00001e28       0x30 ./synergy/ssp/src/driver/r_cgc/r_cgc.o
                0x00001e28                R_CGC_BusClockOutCfg
 .text.R_CGC_BusClockOutEnable
                0x00001e58       0x28 ./synergy/ssp/src/driver/r_cgc/r_cgc.o
                0x00001e58                R_CGC_BusClockOutEnable
 .text.R_CGC_BusClockOutDisable
                0x00001e80       0x28 ./synergy/ssp/src/driver/r_cgc/r_cgc.o
                0x00001e80                R_CGC_BusClockOutDisable
 .text.R_CGC_ClockOutEnable
                0x00001ea8       0x28 ./synergy/ssp/src/driver/r_cgc/r_cgc.o
                0x00001ea8                R_CGC_ClockOutEnable
 .text.R_CGC_ClockOutDisable
                0x00001ed0       0x28 ./synergy/ssp/src/driver/r_cgc/r_cgc.o
                0x00001ed0                R_CGC_ClockOutDisable
 .text.R_CGC_SDRAMClockOutEnable
                0x00001ef8       0x28 ./synergy/ssp/src/driver/r_cgc/r_cgc.o
                0x00001ef8                R_CGC_SDRAMClockOutEnable
 .text.R_CGC_SDRAMClockOutDisable
                0x00001f20       0x28 ./synergy/ssp/src/driver/r_cgc/r_cgc.o
                0x00001f20                R_CGC_SDRAMClockOutDisable
 .text.R_CGC_USBClockCfg
                0x00001f48       0x30 ./synergy/ssp/src/driver/r_cgc/r_cgc.o
                0x00001f48                R_CGC_USBClockCfg
 .text.r_cgc_check_dividers
                0x00001f78       0x34 ./synergy/ssp/src/driver/r_cgc/r_cgc.o
 .text.R_CGC_SystemClockFreqGet
                0x00001fac       0xb8 ./synergy/ssp/src/driver/r_cgc/r_cgc.o
                0x00001fac                R_CGC_SystemClockFreqGet
 .text.R_CGC_SystickUpdate
                0x00002064       0x80 ./synergy/ssp/src/driver/r_cgc/r_cgc.o
                0x00002064                R_CGC_SystickUpdate
 .text.R_CGC_OscStopDetect
                0x000020e4      0x118 ./synergy/ssp/src/driver/r_cgc/r_cgc.o
                0x000020e4                R_CGC_OscStopDetect
 .text.r_cgc_subclock_drive_set.constprop.16
                0x000021fc       0x34 ./synergy/ssp/src/driver/r_cgc/r_cgc.o
 .text.R_CGC_ClockOutCfg
                0x00002230       0x6c ./synergy/ssp/src/driver/r_cgc/r_cgc.o
                0x00002230                R_CGC_ClockOutCfg
 .text.r_cgc_subosc_mode_possible
                0x0000229c       0x30 ./synergy/ssp/src/driver/r_cgc/r_cgc.o
 .text.r_cgc_clock_run_state_get
                0x000022cc       0x68 ./synergy/ssp/src/driver/r_cgc/r_cgc.o
                0x000022cc                r_cgc_clock_run_state_get
 .text.r_cgc_wait_to_complete
                0x00002334       0x4c ./synergy/ssp/src/driver/r_cgc/r_cgc.o
 .text.R_CGC_Init
                0x00002380       0xe8 ./synergy/ssp/src/driver/r_cgc/r_cgc.o
                0x00002380                R_CGC_Init
 .text.R_CGC_ClockStop
                0x00002468      0x104 ./synergy/ssp/src/driver/r_cgc/r_cgc.o
                0x00002468                R_CGC_ClockStop
 .text.R_CGC_ClockCheck
                0x0000256c       0x6c ./synergy/ssp/src/driver/r_cgc/r_cgc.o
                0x0000256c                R_CGC_ClockCheck
 .text.r_cgc_stabilization_wait
                0x000025d8       0x30 ./synergy/ssp/src/driver/r_cgc/r_cgc.o
 .text.r_cgc_operating_hw_modeset
                0x00002608      0x108 ./synergy/ssp/src/driver/r_cgc/r_cgc.o
                0x00002608                r_cgc_operating_hw_modeset
 .text.r_cgc_operating_mode_set
                0x00002710       0x48 ./synergy/ssp/src/driver/r_cgc/r_cgc.o
 .text.r_cgc_adjust_subosc_speed_mode
                0x00002758       0x1c ./synergy/ssp/src/driver/r_cgc/r_cgc.o
 .text.R_CGC_ClockStart
                0x00002774      0x32c ./synergy/ssp/src/driver/r_cgc/r_cgc.o
                0x00002774                R_CGC_ClockStart
 .text.r_cgc_clock_start_stop
                0x00002aa0       0x54 ./synergy/ssp/src/driver/r_cgc/r_cgc.o
 .text.R_CGC_SystemClockSet.part.15
                0x00002af4      0x1b0 ./synergy/ssp/src/driver/r_cgc/r_cgc.o
 .text.R_CGC_SystemClockSet
                0x00002ca4       0x14 ./synergy/ssp/src/driver/r_cgc/r_cgc.o
                0x00002ca4                R_CGC_SystemClockSet
 .text.R_CGC_ClocksCfg
                0x00002cb8      0x13c ./synergy/ssp/src/driver/r_cgc/r_cgc.o
                0x00002cb8                R_CGC_ClocksCfg
 .text.R_ADC_VersionGet
                0x00002df4       0x14 ./synergy/ssp/src/driver/r_adc/r_adc.o
                0x00002df4                R_ADC_VersionGet
 .text.R_ADC_OffsetSet
                0x00002e08        0x4 ./synergy/ssp/src/driver/r_adc/r_adc.o
                0x00002e08                R_ADC_OffsetSet
 .text.R_ADC_Calibrate
                0x00002e0c       0x48 ./synergy/ssp/src/driver/r_adc/r_adc.o
                0x00002e0c                R_ADC_Calibrate
 .text.R_ADC_ScanStart
                0x00002e54       0x48 ./synergy/ssp/src/driver/r_adc/r_adc.o
                0x00002e54                R_ADC_ScanStart
 .text.R_ADC_ScanStop
                0x00002e9c       0x34 ./synergy/ssp/src/driver/r_adc/r_adc.o
                0x00002e9c                R_ADC_ScanStop
 .text.R_ADC_CheckScanDone
                0x00002ed0       0x28 ./synergy/ssp/src/driver/r_adc/r_adc.o
                0x00002ed0                R_ADC_CheckScanDone
 .text.R_ADC_Read
                0x00002ef8       0x60 ./synergy/ssp/src/driver/r_adc/r_adc.o
                0x00002ef8                R_ADC_Read
 .text.R_ADC_Read32
                0x00002f58       0x40 ./synergy/ssp/src/driver/r_adc/r_adc.o
                0x00002f58                R_ADC_Read32
 .text.R_ADC_SetSampleStateCount
                0x00002f98       0x60 ./synergy/ssp/src/driver/r_adc/r_adc.o
                0x00002f98                R_ADC_SetSampleStateCount
 .text.R_ADC_InfoGet
                0x00002ff8       0xf4 ./synergy/ssp/src/driver/r_adc/r_adc.o
                0x00002ff8                R_ADC_InfoGet
 .text.r_adc_close_sub
                0x000030ec       0x68 ./synergy/ssp/src/driver/r_adc/r_adc.o
 .text.R_ADC_Close
                0x00003154      0x104 ./synergy/ssp/src/driver/r_adc/r_adc.o
                0x00003154                R_ADC_Close
 .text.R_ADC_ScanConfigure
                0x00003258      0x414 ./synergy/ssp/src/driver/r_adc/r_adc.o
                0x00003258                R_ADC_ScanConfigure
 .text.R_ADC_Open
                0x0000366c      0x484 ./synergy/ssp/src/driver/r_adc/r_adc.o
                0x0000366c                R_ADC_Open
 .text.R_BSP_CacheOff
                0x00003af0       0x28 ./synergy/ssp/src/bsp/mcu/s7g2/bsp_cache.o
                0x00003af0                R_BSP_CacheOff
 .text.R_BSP_CacheSet
                0x00003b18       0x48 ./synergy/ssp/src/bsp/mcu/s7g2/bsp_cache.o
                0x00003b18                R_BSP_CacheSet
 .text.bsp_clock_init
                0x00003b60       0xa0 ./synergy/ssp/src/bsp/mcu/s7g2/bsp_clocks.o
                0x00003b60                bsp_clock_init
 .text.bsp_cpu_clock_get
                0x00003c00       0x20 ./synergy/ssp/src/bsp/mcu/s7g2/bsp_clocks.o
                0x00003c00                bsp_cpu_clock_get
 .text.bsp_clock_set_callback
                0x00003c20      0x124 ./synergy/ssp/src/bsp/mcu/s7g2/bsp_clocks.o
                0x00003c20                bsp_clock_set_callback
 .text.R_BSP_FeatureAdcGet
                0x00003d44       0x30 ./synergy/ssp/src/bsp/mcu/s7g2/bsp_feature.o
                0x00003d44                R_BSP_FeatureAdcGet
 .text.R_BSP_FeatureIoportGet
                0x00003d74        0xc ./synergy/ssp/src/bsp/mcu/s7g2/bsp_feature.o
                0x00003d74                R_BSP_FeatureIoportGet
 .text.R_BSP_FeatureCgcGet
                0x00003d80        0xc ./synergy/ssp/src/bsp/mcu/s7g2/bsp_feature.o
                0x00003d80                R_BSP_FeatureCgcGet
 .text.bsp_group_interrupt_open
                0x00003d8c       0x18 ./synergy/ssp/src/bsp/mcu/s7g2/bsp_group_irq.o
                0x00003d8c                bsp_group_interrupt_open
 .text.R_BSP_GroupIrqWrite
                0x00003da4       0x10 ./synergy/ssp/src/bsp/mcu/s7g2/bsp_group_irq.o
                0x00003da4                R_BSP_GroupIrqWrite
 .text.NMI_Handler
                0x00003db4      0x1f4 ./synergy/ssp/src/bsp/mcu/s7g2/bsp_group_irq.o
                0x00003db4                NMI_Handler
 .text.r_bsp_get_mstp_mask
                0x00003fa8       0x50 ./synergy/ssp/src/bsp/mcu/s7g2/bsp_module_stop.o
 .text.r_bsp_module_start_stop
                0x00003ff8       0x6c ./synergy/ssp/src/bsp/mcu/s7g2/bsp_module_stop.o
 .text.R_BSP_ModuleStop
                0x00004064        0x8 ./synergy/ssp/src/bsp/mcu/s7g2/bsp_module_stop.o
                0x00004064                R_BSP_ModuleStop
 .text.R_BSP_ModuleStart
                0x0000406c        0x8 ./synergy/ssp/src/bsp/mcu/s7g2/bsp_module_stop.o
                0x0000406c                R_BSP_ModuleStart
 .text.software_delay_loop
                0x00004074        0xc ./synergy/ssp/src/bsp/mcu/all/bsp_delay.o
 .text.R_BSP_SoftwareDelay
                0x00004080       0x58 ./synergy/ssp/src/bsp/mcu/all/bsp_delay.o
                0x00004080                R_BSP_SoftwareDelay
 .text.R_BSP_IrqStatusClear
                0x000040d8       0x18 ./synergy/ssp/src/bsp/mcu/all/bsp_irq.o
                0x000040d8                R_BSP_IrqStatusClear
 .text.bsp_irq_cfg
                0x000040f0       0x40 ./synergy/ssp/src/bsp/mcu/all/bsp_irq.o
                0x000040f0                bsp_irq_cfg
 .text.R_BSP_HardwareLock
                0x00004130       0x68 ./synergy/ssp/src/bsp/mcu/all/bsp_locking.o
                0x00004130                R_BSP_HardwareLock
 .text.R_BSP_HardwareUnlock
                0x00004198       0x4c ./synergy/ssp/src/bsp/mcu/all/bsp_locking.o
                0x00004198                R_BSP_HardwareUnlock
 .text.bsp_init_hardware_locks
                0x000041e4       0x44 ./synergy/ssp/src/bsp/mcu/all/bsp_locking.o
                0x000041e4                bsp_init_hardware_locks
 .text.R_BSP_RegisterProtectEnable
                0x00004228       0x60 ./synergy/ssp/src/bsp/mcu/all/bsp_register_protection.o
                0x00004228                R_BSP_RegisterProtectEnable
 .text.R_BSP_RegisterProtectDisable
                0x00004288       0x50 ./synergy/ssp/src/bsp/mcu/all/bsp_register_protection.o
                0x00004288                R_BSP_RegisterProtectDisable
 .text.bsp_register_protect_open
                0x000042d8       0x10 ./synergy/ssp/src/bsp/mcu/all/bsp_register_protection.o
                0x000042d8                bsp_register_protect_open
 .text.Default_Handler
                0x000042e8        0x4 ./synergy/ssp/src/bsp/cmsis/Device/RENESAS/S7G2/Source/startup_S7G2.o
                0x000042e8                DebugMon_Handler
                0x000042e8                HardFault_Handler
                0x000042e8                SysTick_Handler
                0x000042e8                PendSV_Handler
                0x000042e8                UsageFault_Handler
                0x000042e8                Default_Handler
                0x000042e8                MemManage_Handler
                0x000042e8                SVC_Handler
                0x000042e8                BusFault_Handler
 .text.Reset_Handler
                0x000042ec        0xc ./synergy/ssp/src/bsp/cmsis/Device/RENESAS/S7G2/Source/startup_S7G2.o
                0x000042ec                Reset_Handler
 .text.R_BSP_WarmStart
                0x000042f8        0x4 ./synergy/ssp/src/bsp/cmsis/Device/RENESAS/S7G2/Source/system_S7G2.o
                0x000042f8                R_BSP_WarmStart
 .text.SystemInit
                0x000042fc       0xe0 ./synergy/ssp/src/bsp/cmsis/Device/RENESAS/S7G2/Source/system_S7G2.o
                0x000042fc                SystemInit
 .text.bsp_init
                0x000043dc        0x4 ./synergy/board/s7g2_sk/bsp_init.o
                0x000043dc                bsp_init
 .text.bsp_qspi_xip_mode
                0x000043e0       0x84 ./synergy/board/s7g2_sk/bsp_qspi.o
 .text.bsp_qspi_init
                0x00004464      0x148 ./synergy/board/s7g2_sk/bsp_qspi.o
                0x00004464                bsp_qspi_init
 .text.startup.main
                0x000045ac        0xc ./src/synergy_gen/main.o
                0x000045ac                main
 .text.SR_DigitalBtnFilter
                0x000045b8       0x4c ./src/BtnDigitalFilter.o
                0x000045b8                SR_DigitalBtnFilter
 .text.SR_InitBtnFilter
                0x00004604        0xc ./src/BtnDigitalFilter.o
                0x00004604                SR_InitBtnFilter
 .text.hal_entry
                0x00004610      0x1a0 ./src/hal_entry.o
                0x00004610                hal_entry
 .text.FN_bfPerformTick
                0x000047b0       0x5c ./src/mainTick.o
                0x000047b0                FN_bfPerformTick
 .text.SR_ClearMainTick
                0x0000480c        0xc ./src/mainTick.o
                0x0000480c                SR_ClearMainTick
 .text          0x00004818      0x370 c:/program files (x86)/gnu tools arm embedded/4.9 2015q3/bin/../lib/gcc/arm-none-eabi/4.9.3/armv7e-m/fpu\libgcc.a(_arm_addsubdf3.o)
                0x00004818                __aeabi_drsub
                0x00004820                __aeabi_dsub
                0x00004820                __subdf3
                0x00004824                __aeabi_dadd
                0x00004824                __adddf3
                0x00004a9c                __floatunsidf
                0x00004a9c                __aeabi_ui2d
                0x00004abc                __floatsidf
                0x00004abc                __aeabi_i2d
                0x00004ae0                __aeabi_f2d
                0x00004ae0                __extendsfdf2
                0x00004b1c                __floatundidf
                0x00004b1c                __aeabi_ul2d
                0x00004b2c                __floatdidf
                0x00004b2c                __aeabi_l2d
 .text          0x00004b88      0x110 c:/program files (x86)/gnu tools arm embedded/4.9 2015q3/bin/../lib/gcc/arm-none-eabi/4.9.3/armv7e-m/fpu\libgcc.a(_arm_cmpdf2.o)
                0x00004b88                __gtdf2
                0x00004b88                __gedf2
                0x00004b90                __ltdf2
                0x00004b90                __ledf2
                0x00004b98                __nedf2
                0x00004b98                __eqdf2
                0x00004b98                __cmpdf2
                0x00004c14                __aeabi_cdrcmple
                0x00004c24                __aeabi_cdcmpeq
                0x00004c24                __aeabi_cdcmple
                0x00004c34                __aeabi_dcmpeq
                0x00004c48                __aeabi_dcmplt
                0x00004c5c                __aeabi_dcmple
                0x00004c70                __aeabi_dcmpge
                0x00004c84                __aeabi_dcmpgt
 .text          0x00004c98       0x30 c:/program files (x86)/gnu tools arm embedded/4.9 2015q3/bin/../lib/gcc/arm-none-eabi/4.9.3/armv7e-m/fpu\libgcc.a(_aeabi_uldivmod.o)
                0x00004c98                __aeabi_uldivmod
 .text          0x00004cc8       0x60 c:/program files (x86)/gnu tools arm embedded/4.9 2015q3/bin/../lib/gcc/arm-none-eabi/4.9.3/armv7e-m/fpu\libgcc.a(bpabi.o)
                0x00004cc8                __gnu_ldivmod_helper
                0x00004cf8                __gnu_uldivmod_helper
 .text          0x00004d28        0x4 c:/program files (x86)/gnu tools arm embedded/4.9 2015q3/bin/../lib/gcc/arm-none-eabi/4.9.3/armv7e-m/fpu\libgcc.a(_dvmd_tls.o)
                0x00004d28                __aeabi_idiv0
                0x00004d28                __aeabi_ldiv0
 .text          0x00004d2c      0x29c c:/program files (x86)/gnu tools arm embedded/4.9 2015q3/bin/../lib/gcc/arm-none-eabi/4.9.3/armv7e-m/fpu\libgcc.a(_divdi3.o)
                0x00004d2c                __divdi3
 .text          0x00004fc8      0x26c c:/program files (x86)/gnu tools arm embedded/4.9 2015q3/bin/../lib/gcc/arm-none-eabi/4.9.3/armv7e-m/fpu\libgcc.a(_udivdi3.o)
                0x00004fc8                __udivdi3
 .text.memset   0x00005234       0x10 c:/program files (x86)/gnu tools arm embedded/4.9 2015q3/bin/../lib/gcc/arm-none-eabi/4.9.3/../../../../arm-none-eabi/lib/armv7e-m/fpu\libg_nano.a(lib_a-memset.o)
                0x00005234                memset
 *(.version)
 .version       0x00005244       0x60 ./synergy/ssp/src/bsp/mcu/all/bsp_common.o
 *(.init)
 .init          0x000052a4        0x4 c:/program files (x86)/gnu tools arm embedded/4.9 2015q3/bin/../lib/gcc/arm-none-eabi/4.9.3/armv7e-m/fpu/crti.o
                0x000052a4                _init
 .init          0x000052a8        0x8 c:/program files (x86)/gnu tools arm embedded/4.9 2015q3/bin/../lib/gcc/arm-none-eabi/4.9.3/armv7e-m/fpu/crtn.o
 *(.fini)
 .fini          0x000052b0        0x4 c:/program files (x86)/gnu tools arm embedded/4.9 2015q3/bin/../lib/gcc/arm-none-eabi/4.9.3/armv7e-m/fpu/crti.o
                0x000052b0                _fini
 .fini          0x000052b4        0x8 c:/program files (x86)/gnu tools arm embedded/4.9 2015q3/bin/../lib/gcc/arm-none-eabi/4.9.3/armv7e-m/fpu/crtn.o
 *crtbegin.o(.ctors)
 *crtbegin?.o(.ctors)
 *(EXCLUDE_FILE(*crtend.o *crtend?.o) .ctors)
 *(SORT(.ctors.*))
 *(.ctors)
 *crtbegin.o(.dtors)
 *crtbegin?.o(.dtors)
 *(EXCLUDE_FILE(*crtend.o *crtend?.o) .dtors)
 *(SORT(.dtors.*))
 *(.dtors)
 *(.rodata*)
 .rodata.g_ioport_on_ioport
                0x000052bc       0x3c ./synergy/ssp/src/driver/r_ioport/r_ioport.o
                0x000052bc                g_ioport_on_ioport
 .rodata.g_vbatt_pins_input
                0x000052f8        0x6 ./synergy/ssp/src/driver/r_ioport/r_ioport.o
 *fill*         0x000052fe        0x2 ff
 .rodata.g_timer_on_gpt
                0x00005300       0x28 ./synergy/ssp/src/driver/r_gpt/r_gpt.o
                0x00005300                g_timer_on_gpt
 .rodata.g_gpt_version
                0x00005328        0x4 ./synergy/ssp/src/driver/r_gpt/r_gpt.o
 .rodata.bit_count_mask
                0x0000532c        0x8 ./synergy/ssp/src/driver/r_fmi/r_fmi.o
 .rodata.bit_count
                0x00005334       0x80 ./synergy/ssp/src/driver/r_fmi/r_fmi.o
 .rodata.g_fmi_on_fmi
                0x000053b4       0x18 ./synergy/ssp/src/driver/r_fmi/r_fmi.o
                0x000053b4                g_fmi_on_fmi
 .rodata.g_fmi_version
                0x000053cc        0x4 ./synergy/ssp/src/driver/r_fmi/r_fmi.o
 .rodata.g_elc_on_elc
                0x000053d0       0x1c ./synergy/ssp/src/driver/r_elc/r_elc.o
                0x000053d0                g_elc_on_elc
 .rodata.s_elc_version
                0x000053ec        0x4 ./synergy/ssp/src/driver/r_elc/r_elc.o
 .rodata.g_pllccr2_div_value
                0x000053f0        0x6 ./synergy/ssp/src/driver/r_cgc/r_cgc.o
 *fill*         0x000053f6        0x2 ff
 .rodata.g_cgc_on_cgc
                0x000053f8       0x6c ./synergy/ssp/src/driver/r_cgc/r_cgc.o
                0x000053f8                g_cgc_on_cgc
 .rodata.g_pllccr_div_value
                0x00005464        0x6 ./synergy/ssp/src/driver/r_cgc/r_cgc.o
 *fill*         0x0000546a        0x2 ff
 .rodata.g_pllccr_div_setting
                0x0000546c        0x6 ./synergy/ssp/src/driver/r_cgc/r_cgc.o
 *fill*         0x00005472        0x2 ff
 .rodata.g_cgc_version
                0x00005474        0x4 ./synergy/ssp/src/driver/r_cgc/r_cgc.o
 .rodata.g_pllccr2_div_setting
                0x00005478        0x8 ./synergy/ssp/src/driver/r_cgc/r_cgc.o
 .rodata.g_adc_on_adc
                0x00005480       0x34 ./synergy/ssp/src/driver/r_adc/r_adc.o
                0x00005480                g_adc_on_adc
 .rodata.s_adc_version
                0x000054b4        0x4 ./synergy/ssp/src/driver/r_adc/r_adc.o
 .rodata.g_cgc_feature
                0x000054b8       0x2c ./synergy/ssp/src/bsp/mcu/s7g2/bsp_feature.o
 .rodata.g_fmi_data
                0x000054e4      0x400 ./synergy/ssp/src/bsp/mcu/s7g2/bsp_fmi_R7FS7G27H3A01CFC.o
                0x000054e4                g_fmi_data
 .rodata.gp_mstp
                0x000058e4       0x10 ./synergy/ssp/src/bsp/mcu/s7g2/bsp_module_stop.o
 .rodata.g_bsp_module_stop
                0x000058f4       0x46 ./synergy/ssp/src/bsp/mcu/s7g2/bsp_module_stop.o
 *fill*         0x0000593a        0x2 ff
 .rodata.gp_vector_information
                0x0000593c        0x4 ./synergy/ssp/src/bsp/mcu/all/bsp_irq.o
                0x0000593c                gp_vector_information
 .rodata.g_prcr_masks
                0x00005940        0x6 ./synergy/ssp/src/bsp/mcu/all/bsp_register_protection.o
 *fill*         0x00005946        0x2 ff
 .rodata.g_elc_cfg
                0x00005948        0xc ./synergy/ssp/src/bsp/cmsis/Device/RENESAS/S7G2/Source/system_S7G2.o
 .rodata.g_ioport
                0x00005954        0x8 ./src/synergy_gen/common_data.o
                0x00005954                g_ioport
 .rodata.g_adc0
                0x0000595c       0x10 ./src/synergy_gen/hal_data.o
                0x0000595c                g_adc0
 .rodata.g_timer0_extend
                0x0000596c        0x5 ./src/synergy_gen/hal_data.o
 *fill*         0x00005971        0x3 ff
 .rodata.g_adc0_cfg
                0x00005974       0x1c ./src/synergy_gen/hal_data.o
                0x00005974                g_adc0_cfg
 .rodata.g_timer1_extend
                0x00005990        0x5 ./src/synergy_gen/hal_data.o
 *fill*         0x00005995        0x3 ff
 .rodata.g_timer1_cfg
                0x00005998       0x20 ./src/synergy_gen/hal_data.o
 .rodata.g_adc0_channel_cfg
                0x000059b8       0x14 ./src/synergy_gen/hal_data.o
                0x000059b8                g_adc0_channel_cfg
 .rodata.g_timer0_cfg
                0x000059cc       0x20 ./src/synergy_gen/hal_data.o
 .rodata.g_timer0
                0x000059ec        0xc ./src/synergy_gen/hal_data.o
                0x000059ec                g_timer0
 .rodata.g_timer1
                0x000059f8        0xc ./src/synergy_gen/hal_data.o
                0x000059f8                g_timer1
 .rodata.g_bsp_pin_cfg
                0x00005a04        0x8 ./src/synergy_gen/pin_data.o
                0x00005a04                g_bsp_pin_cfg
 .rodata.g_bsp_pin_cfg_data
                0x00005a0c      0x378 ./src/synergy_gen/pin_data.o
                0x00005a0c                g_bsp_pin_cfg_data
                0x00005d84                __usb_dev_descriptor_start_fs = .
 *(.usb_device_desc_fs*)
                0x00005d84                __usb_cfg_descriptor_start_fs = .
 *(.usb_config_desc_fs*)
                0x00005d84                __usb_interface_descriptor_start_fs = .
 *(.usb_interface_desc_fs*)
                0x00005d84                __usb_descriptor_end_fs = .
                0x00005d84                __usb_dev_descriptor_start_hs = .
 *(.usb_device_desc_hs*)
                0x00005d84                __usb_cfg_descriptor_start_hs = .
 *(.usb_config_desc_hs*)
                0x00005d84                __usb_interface_descriptor_start_hs = .
 *(.usb_interface_desc_hs*)
                0x00005d84                __usb_descriptor_end_hs = .
 *(.eh_frame*)
 .eh_frame      0x00005d84        0x0 c:/program files (x86)/gnu tools arm embedded/4.9 2015q3/bin/../lib/gcc/arm-none-eabi/4.9.3/armv7e-m/fpu/crtbegin.o
 .eh_frame      0x00005d84        0x4 c:/program files (x86)/gnu tools arm embedded/4.9 2015q3/bin/../lib/gcc/arm-none-eabi/4.9.3/armv7e-m/fpu/crtend.o
                0x00005d88                __ROM_End = .
                0x00000044                __Vectors_Size = (__Vectors_End - __Vectors)
                0x00000008                __Vector_Info_Size = (__Vector_Info_End - __Vector_Info_Start)
                0x000001b0                __Lock_Lookup_Size = (__Lock_Lookup_End - __Lock_Lookup_Start)

.glue_7         0x00005d88        0x0
 .glue_7        0x00000000        0x0 linker stubs

.glue_7t        0x00005d88        0x0
 .glue_7t       0x00000000        0x0 linker stubs

.vfp11_veneer   0x00005d88        0x0
 .vfp11_veneer  0x00000000        0x0 linker stubs

.v4_bx          0x00005d88        0x0
 .v4_bx         0x00000000        0x0 linker stubs

.iplt           0x00005d88        0x0
 .iplt          0x00000000        0x0 c:/program files (x86)/gnu tools arm embedded/4.9 2015q3/bin/../lib/gcc/arm-none-eabi/4.9.3/armv7e-m/fpu/crtbegin.o

.ARM.extab
 *(.ARM.extab* .gnu.linkonce.armextab.*)
                0x00005d88                __exidx_start = .

.ARM.exidx      0x00005d88        0x8
 *(.ARM.exidx* .gnu.linkonce.armexidx.*)
 .ARM.exidx     0x00005d88        0x8 c:/program files (x86)/gnu tools arm embedded/4.9 2015q3/bin/../lib/gcc/arm-none-eabi/4.9.3/armv7e-m/fpu\libgcc.a(_divdi3.o)
 .ARM.exidx     0x00005d90        0x0 c:/program files (x86)/gnu tools arm embedded/4.9 2015q3/bin/../lib/gcc/arm-none-eabi/4.9.3/armv7e-m/fpu\libgcc.a(_udivdi3.o)
                                  0x8 (size before relaxing)
                0x00005d90                __exidx_end = .
                0x00005d90                __etext = .

.ssp_dtc_vector_table
                0x1ffe0000        0x0
                0x1ffe0000                . = ORIGIN (RAM)
 *(.ssp_dtc_vector_table)

.data           0x1ffe0000       0x84 load address 0x00005d90
                0x1ffe0000                __data_start__ = .
 *(vtable)
 *(.data.*)
 .data.u16ADC_Data
                0x1ffe0000        0x2 ./src/hal_entry.o
                0x1ffe0000                u16ADC_Data
 *fill*         0x1ffe0002        0x2 
 .data.dutyCycle
                0x1ffe0004        0x4 ./src/hal_entry.o
                0x1ffe0004                dutyCycle
 .data.u16TickCnt
                0x1ffe0008        0x4 ./src/mainTick.o
                0x1ffe0008                u16TickCnt
                0x1ffe000c                . = ALIGN (0x4)
                0x1ffe000c                PROVIDE (__preinit_array_start, .)
 *(.preinit_array)
                0x1ffe000c                PROVIDE (__preinit_array_end, .)
                0x1ffe000c                . = ALIGN (0x4)
                0x1ffe000c                PROVIDE (__init_array_start, .)
 *(SORT(.init_array.*))
 *(.init_array)
 .init_array    0x1ffe000c        0x4 c:/program files (x86)/gnu tools arm embedded/4.9 2015q3/bin/../lib/gcc/arm-none-eabi/4.9.3/armv7e-m/fpu/crtbegin.o
                0x1ffe0010                PROVIDE (__init_array_end, .)
                0x1ffe0010                . = ALIGN (0x4)
                0x1ffe0010                PROVIDE (__fini_array_start, .)
 *(SORT(.fini_array.*))
 *(.fini_array)
 .fini_array    0x1ffe0010        0x4 c:/program files (x86)/gnu tools arm embedded/4.9 2015q3/bin/../lib/gcc/arm-none-eabi/4.9.3/armv7e-m/fpu/crtbegin.o
                0x1ffe0014                PROVIDE (__fini_array_end, .)
 *(.jcr*)
 .jcr           0x1ffe0014        0x0 c:/program files (x86)/gnu tools arm embedded/4.9 2015q3/bin/../lib/gcc/arm-none-eabi/4.9.3/armv7e-m/fpu/crtbegin.o
 .jcr           0x1ffe0014        0x4 c:/program files (x86)/gnu tools arm embedded/4.9 2015q3/bin/../lib/gcc/arm-none-eabi/4.9.3/armv7e-m/fpu/crtend.o
                0x1ffe0018                . = ALIGN (0x4)
                0x1ffe0018                __Code_In_RAM_Start = .
 *(.code_in_ram*)
                0x1ffe0018                __Code_In_RAM_End = .
                0x1ffe0018                __Lock_Start = .
 *(SORT(.hw_lock*))
 .hw_lock.ADC_0U_0U
                0x1ffe0018        0x1 ./synergy/ssp/src/bsp/mcu/s7g2/bsp_hw_locks.o
                0x1ffe0018                g_hw_lock_ADC_0U_0U
 .hw_lock.ADC_0U_1U
                0x1ffe0019        0x1 ./synergy/ssp/src/bsp/mcu/s7g2/bsp_hw_locks.o
                0x1ffe0019                g_hw_lock_ADC_0U_1U
 .hw_lock.AGT_0U_0U
                0x1ffe001a        0x1 ./synergy/ssp/src/bsp/mcu/s7g2/bsp_hw_locks.o
                0x1ffe001a                g_hw_lock_AGT_0U_0U
 .hw_lock.AGT_0U_1U
                0x1ffe001b        0x1 ./synergy/ssp/src/bsp/mcu/s7g2/bsp_hw_locks.o
                0x1ffe001b                g_hw_lock_AGT_0U_1U
 .hw_lock.BSC_0U_1U
                0x1ffe001c        0x1 ./synergy/ssp/src/bsp/mcu/s7g2/bsp_hw_locks.o
                0x1ffe001c                g_hw_lock_BSC_0U_1U
 .hw_lock.CAC_0U_0U
                0x1ffe001d        0x1 ./synergy/ssp/src/bsp/mcu/s7g2/bsp_hw_locks.o
                0x1ffe001d                g_hw_lock_CAC_0U_0U
 .hw_lock.CAN_0U_0U
                0x1ffe001e        0x1 ./synergy/ssp/src/bsp/mcu/s7g2/bsp_hw_locks.o
                0x1ffe001e                g_hw_lock_CAN_0U_0U
 .hw_lock.CAN_0U_1U
                0x1ffe001f        0x1 ./synergy/ssp/src/bsp/mcu/s7g2/bsp_hw_locks.o
                0x1ffe001f                g_hw_lock_CAN_0U_1U
 .hw_lock.COMP_HS_0U_0U
                0x1ffe0020        0x1 ./synergy/ssp/src/bsp/mcu/s7g2/bsp_hw_locks.o
                0x1ffe0020                g_hw_lock_COMP_HS_0U_0U
 .hw_lock.COMP_HS_0U_1U
                0x1ffe0021        0x1 ./synergy/ssp/src/bsp/mcu/s7g2/bsp_hw_locks.o
                0x1ffe0021                g_hw_lock_COMP_HS_0U_1U
 .hw_lock.COMP_HS_0U_2U
                0x1ffe0022        0x1 ./synergy/ssp/src/bsp/mcu/s7g2/bsp_hw_locks.o
                0x1ffe0022                g_hw_lock_COMP_HS_0U_2U
 .hw_lock.COMP_HS_0U_3U
                0x1ffe0023        0x1 ./synergy/ssp/src/bsp/mcu/s7g2/bsp_hw_locks.o
                0x1ffe0023                g_hw_lock_COMP_HS_0U_3U
 .hw_lock.COMP_HS_0U_4U
                0x1ffe0024        0x1 ./synergy/ssp/src/bsp/mcu/s7g2/bsp_hw_locks.o
                0x1ffe0024                g_hw_lock_COMP_HS_0U_4U
 .hw_lock.COMP_HS_0U_5U
                0x1ffe0025        0x1 ./synergy/ssp/src/bsp/mcu/s7g2/bsp_hw_locks.o
                0x1ffe0025                g_hw_lock_COMP_HS_0U_5U
 .hw_lock.CRC_0U_0U
                0x1ffe0026        0x1 ./synergy/ssp/src/bsp/mcu/s7g2/bsp_hw_locks.o
                0x1ffe0026                g_hw_lock_CRC_0U_0U
 .hw_lock.CTSU_0U_0U
                0x1ffe0027        0x1 ./synergy/ssp/src/bsp/mcu/s7g2/bsp_hw_locks.o
                0x1ffe0027                g_hw_lock_CTSU_0U_0U
 .hw_lock.DAAD_0U_0U
                0x1ffe0028        0x1 ./synergy/ssp/src/bsp/mcu/s7g2/bsp_hw_locks.o
                0x1ffe0028                g_hw_lock_DAAD_0U_0U
 .hw_lock.DAC_0U_0U
                0x1ffe0029        0x1 ./synergy/ssp/src/bsp/mcu/s7g2/bsp_hw_locks.o
                0x1ffe0029                g_hw_lock_DAC_0U_0U
 .hw_lock.DAC_0U_1U
                0x1ffe002a        0x1 ./synergy/ssp/src/bsp/mcu/s7g2/bsp_hw_locks.o
                0x1ffe002a                g_hw_lock_DAC_0U_1U
 .hw_lock.DMAC_0U_0U
                0x1ffe002b        0x1 ./synergy/ssp/src/bsp/mcu/s7g2/bsp_hw_locks.o
                0x1ffe002b                g_hw_lock_DMAC_0U_0U
 .hw_lock.DMAC_0U_1U
                0x1ffe002c        0x1 ./synergy/ssp/src/bsp/mcu/s7g2/bsp_hw_locks.o
                0x1ffe002c                g_hw_lock_DMAC_0U_1U
 .hw_lock.DMAC_0U_2U
                0x1ffe002d        0x1 ./synergy/ssp/src/bsp/mcu/s7g2/bsp_hw_locks.o
                0x1ffe002d                g_hw_lock_DMAC_0U_2U
 .hw_lock.DMAC_0U_3U
                0x1ffe002e        0x1 ./synergy/ssp/src/bsp/mcu/s7g2/bsp_hw_locks.o
                0x1ffe002e                g_hw_lock_DMAC_0U_3U
 .hw_lock.DMAC_0U_4U
                0x1ffe002f        0x1 ./synergy/ssp/src/bsp/mcu/s7g2/bsp_hw_locks.o
                0x1ffe002f                g_hw_lock_DMAC_0U_4U
 .hw_lock.DMAC_0U_5U
                0x1ffe0030        0x1 ./synergy/ssp/src/bsp/mcu/s7g2/bsp_hw_locks.o
                0x1ffe0030                g_hw_lock_DMAC_0U_5U
 .hw_lock.DMAC_0U_6U
                0x1ffe0031        0x1 ./synergy/ssp/src/bsp/mcu/s7g2/bsp_hw_locks.o
                0x1ffe0031                g_hw_lock_DMAC_0U_6U
 .hw_lock.DMAC_0U_7U
                0x1ffe0032        0x1 ./synergy/ssp/src/bsp/mcu/s7g2/bsp_hw_locks.o
                0x1ffe0032                g_hw_lock_DMAC_0U_7U
 .hw_lock.DOC_0U_0U
                0x1ffe0033        0x1 ./synergy/ssp/src/bsp/mcu/s7g2/bsp_hw_locks.o
                0x1ffe0033                g_hw_lock_DOC_0U_0U
 .hw_lock.DRW_0U_0U
                0x1ffe0034        0x1 ./synergy/ssp/src/bsp/mcu/s7g2/bsp_hw_locks.o
                0x1ffe0034                g_hw_lock_DRW_0U_0U
 .hw_lock.DTC_0U_0U
                0x1ffe0035        0x1 ./synergy/ssp/src/bsp/mcu/s7g2/bsp_hw_locks.o
                0x1ffe0035                g_hw_lock_DTC_0U_0U
 .hw_lock.ELC_0U_0U
                0x1ffe0036        0x1 ./synergy/ssp/src/bsp/mcu/s7g2/bsp_hw_locks.o
                0x1ffe0036                g_hw_lock_ELC_0U_0U
 .hw_lock.EPTPC_0U_0U
                0x1ffe0037        0x1 ./synergy/ssp/src/bsp/mcu/s7g2/bsp_hw_locks.o
                0x1ffe0037                g_hw_lock_EPTPC_0U_0U
 .hw_lock.ETHER_0U_0U
                0x1ffe0038        0x1 ./synergy/ssp/src/bsp/mcu/s7g2/bsp_hw_locks.o
                0x1ffe0038                g_hw_lock_ETHER_0U_0U
 .hw_lock.ETHER_0U_1U
                0x1ffe0039        0x1 ./synergy/ssp/src/bsp/mcu/s7g2/bsp_hw_locks.o
                0x1ffe0039                g_hw_lock_ETHER_0U_1U
 .hw_lock.FCU_0U_0U
                0x1ffe003a        0x1 ./synergy/ssp/src/bsp/mcu/s7g2/bsp_hw_locks.o
                0x1ffe003a                g_hw_lock_FCU_0U_0U
 .hw_lock.GLCDC_0U_0U
                0x1ffe003b        0x1 ./synergy/ssp/src/bsp/mcu/s7g2/bsp_hw_locks.o
                0x1ffe003b                g_hw_lock_GLCDC_0U_0U
 .hw_lock.GPT_0U_0U
                0x1ffe003c        0x1 ./synergy/ssp/src/bsp/mcu/s7g2/bsp_hw_locks.o
                0x1ffe003c                g_hw_lock_GPT_0U_0U
 .hw_lock.GPT_0U_10U
                0x1ffe003d        0x1 ./synergy/ssp/src/bsp/mcu/s7g2/bsp_hw_locks.o
                0x1ffe003d                g_hw_lock_GPT_0U_10U
 .hw_lock.GPT_0U_11U
                0x1ffe003e        0x1 ./synergy/ssp/src/bsp/mcu/s7g2/bsp_hw_locks.o
                0x1ffe003e                g_hw_lock_GPT_0U_11U
 .hw_lock.GPT_0U_12U
                0x1ffe003f        0x1 ./synergy/ssp/src/bsp/mcu/s7g2/bsp_hw_locks.o
                0x1ffe003f                g_hw_lock_GPT_0U_12U
 .hw_lock.GPT_0U_13U
                0x1ffe0040        0x1 ./synergy/ssp/src/bsp/mcu/s7g2/bsp_hw_locks.o
                0x1ffe0040                g_hw_lock_GPT_0U_13U
 .hw_lock.GPT_0U_1U
                0x1ffe0041        0x1 ./synergy/ssp/src/bsp/mcu/s7g2/bsp_hw_locks.o
                0x1ffe0041                g_hw_lock_GPT_0U_1U
 .hw_lock.GPT_0U_2U
                0x1ffe0042        0x1 ./synergy/ssp/src/bsp/mcu/s7g2/bsp_hw_locks.o
                0x1ffe0042                g_hw_lock_GPT_0U_2U
 .hw_lock.GPT_0U_3U
                0x1ffe0043        0x1 ./synergy/ssp/src/bsp/mcu/s7g2/bsp_hw_locks.o
                0x1ffe0043                g_hw_lock_GPT_0U_3U
 .hw_lock.GPT_0U_4U
                0x1ffe0044        0x1 ./synergy/ssp/src/bsp/mcu/s7g2/bsp_hw_locks.o
                0x1ffe0044                g_hw_lock_GPT_0U_4U
 .hw_lock.GPT_0U_5U
                0x1ffe0045        0x1 ./synergy/ssp/src/bsp/mcu/s7g2/bsp_hw_locks.o
                0x1ffe0045                g_hw_lock_GPT_0U_5U
 .hw_lock.GPT_0U_6U
                0x1ffe0046        0x1 ./synergy/ssp/src/bsp/mcu/s7g2/bsp_hw_locks.o
                0x1ffe0046                g_hw_lock_GPT_0U_6U
 .hw_lock.GPT_0U_7U
                0x1ffe0047        0x1 ./synergy/ssp/src/bsp/mcu/s7g2/bsp_hw_locks.o
                0x1ffe0047                g_hw_lock_GPT_0U_7U
 .hw_lock.GPT_0U_8U
                0x1ffe0048        0x1 ./synergy/ssp/src/bsp/mcu/s7g2/bsp_hw_locks.o
                0x1ffe0048                g_hw_lock_GPT_0U_8U
 .hw_lock.GPT_0U_9U
                0x1ffe0049        0x1 ./synergy/ssp/src/bsp/mcu/s7g2/bsp_hw_locks.o
                0x1ffe0049                g_hw_lock_GPT_0U_9U
 .hw_lock.ICU_0U_0U
                0x1ffe004a        0x1 ./synergy/ssp/src/bsp/mcu/s7g2/bsp_hw_locks.o
                0x1ffe004a                g_hw_lock_ICU_0U_0U
 .hw_lock.ICU_0U_10U
                0x1ffe004b        0x1 ./synergy/ssp/src/bsp/mcu/s7g2/bsp_hw_locks.o
                0x1ffe004b                g_hw_lock_ICU_0U_10U
 .hw_lock.ICU_0U_11U
                0x1ffe004c        0x1 ./synergy/ssp/src/bsp/mcu/s7g2/bsp_hw_locks.o
                0x1ffe004c                g_hw_lock_ICU_0U_11U
 .hw_lock.ICU_0U_12U
                0x1ffe004d        0x1 ./synergy/ssp/src/bsp/mcu/s7g2/bsp_hw_locks.o
                0x1ffe004d                g_hw_lock_ICU_0U_12U
 .hw_lock.ICU_0U_13U
                0x1ffe004e        0x1 ./synergy/ssp/src/bsp/mcu/s7g2/bsp_hw_locks.o
                0x1ffe004e                g_hw_lock_ICU_0U_13U
 .hw_lock.ICU_0U_14U
                0x1ffe004f        0x1 ./synergy/ssp/src/bsp/mcu/s7g2/bsp_hw_locks.o
                0x1ffe004f                g_hw_lock_ICU_0U_14U
 .hw_lock.ICU_0U_15U
                0x1ffe0050        0x1 ./synergy/ssp/src/bsp/mcu/s7g2/bsp_hw_locks.o
                0x1ffe0050                g_hw_lock_ICU_0U_15U
 .hw_lock.ICU_0U_1U
                0x1ffe0051        0x1 ./synergy/ssp/src/bsp/mcu/s7g2/bsp_hw_locks.o
                0x1ffe0051                g_hw_lock_ICU_0U_1U
 .hw_lock.ICU_0U_2U
                0x1ffe0052        0x1 ./synergy/ssp/src/bsp/mcu/s7g2/bsp_hw_locks.o
                0x1ffe0052                g_hw_lock_ICU_0U_2U
 .hw_lock.ICU_0U_3U
                0x1ffe0053        0x1 ./synergy/ssp/src/bsp/mcu/s7g2/bsp_hw_locks.o
                0x1ffe0053                g_hw_lock_ICU_0U_3U
 .hw_lock.ICU_0U_4U
                0x1ffe0054        0x1 ./synergy/ssp/src/bsp/mcu/s7g2/bsp_hw_locks.o
                0x1ffe0054                g_hw_lock_ICU_0U_4U
 .hw_lock.ICU_0U_5U
                0x1ffe0055        0x1 ./synergy/ssp/src/bsp/mcu/s7g2/bsp_hw_locks.o
                0x1ffe0055                g_hw_lock_ICU_0U_5U
 .hw_lock.ICU_0U_6U
                0x1ffe0056        0x1 ./synergy/ssp/src/bsp/mcu/s7g2/bsp_hw_locks.o
                0x1ffe0056                g_hw_lock_ICU_0U_6U
 .hw_lock.ICU_0U_7U
                0x1ffe0057        0x1 ./synergy/ssp/src/bsp/mcu/s7g2/bsp_hw_locks.o
                0x1ffe0057                g_hw_lock_ICU_0U_7U
 .hw_lock.ICU_0U_8U
                0x1ffe0058        0x1 ./synergy/ssp/src/bsp/mcu/s7g2/bsp_hw_locks.o
                0x1ffe0058                g_hw_lock_ICU_0U_8U
 .hw_lock.ICU_0U_9U
                0x1ffe0059        0x1 ./synergy/ssp/src/bsp/mcu/s7g2/bsp_hw_locks.o
                0x1ffe0059                g_hw_lock_ICU_0U_9U
 .hw_lock.IIC_0U_0U
                0x1ffe005a        0x1 ./synergy/ssp/src/bsp/mcu/s7g2/bsp_hw_locks.o
                0x1ffe005a                g_hw_lock_IIC_0U_0U
 .hw_lock.IIC_0U_1U
                0x1ffe005b        0x1 ./synergy/ssp/src/bsp/mcu/s7g2/bsp_hw_locks.o
                0x1ffe005b                g_hw_lock_IIC_0U_1U
 .hw_lock.IIC_0U_2U
                0x1ffe005c        0x1 ./synergy/ssp/src/bsp/mcu/s7g2/bsp_hw_locks.o
                0x1ffe005c                g_hw_lock_IIC_0U_2U
 .hw_lock.IRDA_0U_0U
                0x1ffe005d        0x1 ./synergy/ssp/src/bsp/mcu/s7g2/bsp_hw_locks.o
                0x1ffe005d                g_hw_lock_IRDA_0U_0U
 .hw_lock.IWDT_0U_0U
                0x1ffe005e        0x1 ./synergy/ssp/src/bsp/mcu/s7g2/bsp_hw_locks.o
                0x1ffe005e                g_hw_lock_IWDT_0U_0U
 .hw_lock.JPEG_0U_0U
                0x1ffe005f        0x1 ./synergy/ssp/src/bsp/mcu/s7g2/bsp_hw_locks.o
                0x1ffe005f                g_hw_lock_JPEG_0U_0U
 .hw_lock.KEY_0U_0U
                0x1ffe0060        0x1 ./synergy/ssp/src/bsp/mcu/s7g2/bsp_hw_locks.o
                0x1ffe0060                g_hw_lock_KEY_0U_0U
 .hw_lock.LPM_1U_0U
                0x1ffe0061        0x1 ./synergy/ssp/src/bsp/mcu/s7g2/bsp_hw_locks.o
                0x1ffe0061                g_hw_lock_LPM_1U_0U
 .hw_lock.LVD_0U_0U
                0x1ffe0062        0x1 ./synergy/ssp/src/bsp/mcu/s7g2/bsp_hw_locks.o
                0x1ffe0062                g_hw_lock_LVD_0U_0U
 .hw_lock.LVD_0U_1U
                0x1ffe0063        0x1 ./synergy/ssp/src/bsp/mcu/s7g2/bsp_hw_locks.o
                0x1ffe0063                g_hw_lock_LVD_0U_1U
 .hw_lock.MMF_0U_0U
                0x1ffe0064        0x1 ./synergy/ssp/src/bsp/mcu/s7g2/bsp_hw_locks.o
                0x1ffe0064                g_hw_lock_MMF_0U_0U
 .hw_lock.MPU_0U_0U
                0x1ffe0065        0x1 ./synergy/ssp/src/bsp/mcu/s7g2/bsp_hw_locks.o
                0x1ffe0065                g_hw_lock_MPU_0U_0U
 .hw_lock.OPS_0U_0U
                0x1ffe0066        0x1 ./synergy/ssp/src/bsp/mcu/s7g2/bsp_hw_locks.o
                0x1ffe0066                g_hw_lock_OPS_0U_0U
 .hw_lock.PDC_0U_0U
                0x1ffe0067        0x1 ./synergy/ssp/src/bsp/mcu/s7g2/bsp_hw_locks.o
                0x1ffe0067                g_hw_lock_PDC_0U_0U
 .hw_lock.POEG_0U_0U
                0x1ffe0068        0x1 ./synergy/ssp/src/bsp/mcu/s7g2/bsp_hw_locks.o
                0x1ffe0068                g_hw_lock_POEG_0U_0U
 .hw_lock.POEG_0U_1U
                0x1ffe0069        0x1 ./synergy/ssp/src/bsp/mcu/s7g2/bsp_hw_locks.o
                0x1ffe0069                g_hw_lock_POEG_0U_1U
 .hw_lock.POEG_0U_2U
                0x1ffe006a        0x1 ./synergy/ssp/src/bsp/mcu/s7g2/bsp_hw_locks.o
                0x1ffe006a                g_hw_lock_POEG_0U_2U
 .hw_lock.POEG_0U_3U
                0x1ffe006b        0x1 ./synergy/ssp/src/bsp/mcu/s7g2/bsp_hw_locks.o
                0x1ffe006b                g_hw_lock_POEG_0U_3U
 .hw_lock.QSPI_0U_0U
                0x1ffe006c        0x1 ./synergy/ssp/src/bsp/mcu/s7g2/bsp_hw_locks.o
                0x1ffe006c                g_hw_lock_QSPI_0U_0U
 .hw_lock.RTC_0U_0U
                0x1ffe006d        0x1 ./synergy/ssp/src/bsp/mcu/s7g2/bsp_hw_locks.o
                0x1ffe006d                g_hw_lock_RTC_0U_0U
 .hw_lock.SCE_0U_0U
                0x1ffe006e        0x1 ./synergy/ssp/src/bsp/mcu/s7g2/bsp_hw_locks.o
                0x1ffe006e                g_hw_lock_SCE_0U_0U
 .hw_lock.SCI_0U_0U
                0x1ffe006f        0x1 ./synergy/ssp/src/bsp/mcu/s7g2/bsp_hw_locks.o
                0x1ffe006f                g_hw_lock_SCI_0U_0U
 .hw_lock.SCI_0U_1U
                0x1ffe0070        0x1 ./synergy/ssp/src/bsp/mcu/s7g2/bsp_hw_locks.o
                0x1ffe0070                g_hw_lock_SCI_0U_1U
 .hw_lock.SCI_0U_2U
                0x1ffe0071        0x1 ./synergy/ssp/src/bsp/mcu/s7g2/bsp_hw_locks.o
                0x1ffe0071                g_hw_lock_SCI_0U_2U
 .hw_lock.SCI_0U_3U
                0x1ffe0072        0x1 ./synergy/ssp/src/bsp/mcu/s7g2/bsp_hw_locks.o
                0x1ffe0072                g_hw_lock_SCI_0U_3U
 .hw_lock.SCI_0U_4U
                0x1ffe0073        0x1 ./synergy/ssp/src/bsp/mcu/s7g2/bsp_hw_locks.o
                0x1ffe0073                g_hw_lock_SCI_0U_4U
 .hw_lock.SCI_0U_5U
                0x1ffe0074        0x1 ./synergy/ssp/src/bsp/mcu/s7g2/bsp_hw_locks.o
                0x1ffe0074                g_hw_lock_SCI_0U_5U
 .hw_lock.SCI_0U_6U
                0x1ffe0075        0x1 ./synergy/ssp/src/bsp/mcu/s7g2/bsp_hw_locks.o
                0x1ffe0075                g_hw_lock_SCI_0U_6U
 .hw_lock.SCI_0U_7U
                0x1ffe0076        0x1 ./synergy/ssp/src/bsp/mcu/s7g2/bsp_hw_locks.o
                0x1ffe0076                g_hw_lock_SCI_0U_7U
 .hw_lock.SCI_0U_8U
                0x1ffe0077        0x1 ./synergy/ssp/src/bsp/mcu/s7g2/bsp_hw_locks.o
                0x1ffe0077                g_hw_lock_SCI_0U_8U
 .hw_lock.SCI_0U_9U
                0x1ffe0078        0x1 ./synergy/ssp/src/bsp/mcu/s7g2/bsp_hw_locks.o
                0x1ffe0078                g_hw_lock_SCI_0U_9U
 .hw_lock.SDHIMMC_0U_0U
                0x1ffe0079        0x1 ./synergy/ssp/src/bsp/mcu/s7g2/bsp_hw_locks.o
                0x1ffe0079                g_hw_lock_SDHIMMC_0U_0U
 .hw_lock.SDHIMMC_0U_1U
                0x1ffe007a        0x1 ./synergy/ssp/src/bsp/mcu/s7g2/bsp_hw_locks.o
                0x1ffe007a                g_hw_lock_SDHIMMC_0U_1U
 .hw_lock.SPI_0U_0U
                0x1ffe007b        0x1 ./synergy/ssp/src/bsp/mcu/s7g2/bsp_hw_locks.o
                0x1ffe007b                g_hw_lock_SPI_0U_0U
 .hw_lock.SPI_0U_1U
                0x1ffe007c        0x1 ./synergy/ssp/src/bsp/mcu/s7g2/bsp_hw_locks.o
                0x1ffe007c                g_hw_lock_SPI_0U_1U
 .hw_lock.SRC_0U_0U
                0x1ffe007d        0x1 ./synergy/ssp/src/bsp/mcu/s7g2/bsp_hw_locks.o
                0x1ffe007d                g_hw_lock_SRC_0U_0U
 .hw_lock.SSI_0U_0U
                0x1ffe007e        0x1 ./synergy/ssp/src/bsp/mcu/s7g2/bsp_hw_locks.o
                0x1ffe007e                g_hw_lock_SSI_0U_0U
 .hw_lock.SSI_0U_1U
                0x1ffe007f        0x1 ./synergy/ssp/src/bsp/mcu/s7g2/bsp_hw_locks.o
                0x1ffe007f                g_hw_lock_SSI_0U_1U
 .hw_lock.TSN_0U_0U
                0x1ffe0080        0x1 ./synergy/ssp/src/bsp/mcu/s7g2/bsp_hw_locks.o
                0x1ffe0080                g_hw_lock_TSN_0U_0U
 .hw_lock.USB_0U_0U
                0x1ffe0081        0x1 ./synergy/ssp/src/bsp/mcu/s7g2/bsp_hw_locks.o
                0x1ffe0081                g_hw_lock_USB_0U_0U
 .hw_lock.USB_1U_0U
                0x1ffe0082        0x1 ./synergy/ssp/src/bsp/mcu/s7g2/bsp_hw_locks.o
                0x1ffe0082                g_hw_lock_USB_1U_0U
 .hw_lock.WDT_0U_0U
                0x1ffe0083        0x1 ./synergy/ssp/src/bsp/mcu/s7g2/bsp_hw_locks.o
                0x1ffe0083                g_hw_lock_WDT_0U_0U
                0x1ffe0084                __Lock_End = .
                0x1ffe0084                . = ALIGN (0x4)
                0x1ffe0084                __data_end__ = .
                0x0000006c                __Lock_Size = (__Lock_End - __Lock_Start)

.igot.plt       0x1ffe0084        0x0 load address 0x00005e14
 .igot.plt      0x00000000        0x0 c:/program files (x86)/gnu tools arm embedded/4.9 2015q3/bin/../lib/gcc/arm-none-eabi/4.9.3/armv7e-m/fpu/crtbegin.o

.qspi_flash     0x60000000        0x0
                0x60000000                __qspi_flash_start__ = .
 *(.qspi_flash*)
                0x60000000                __qspi_flash_end__ = .
                0x00000000                __qspi_flash_code_size__ = (__qspi_flash_end__ - __qspi_flash_start__)
                0x00005e14                __qspi_flash_code_addr__ = (__etext + (__data_end__ - __data_start__))

.qspi_non_retentive
                0x60000000        0x0 load address 0x00005e14
                0x60000000                __qspi_non_retentive_start__ = .
 *(.qspi_non_retentive*)
                0x60000000                __qspi_non_retentive_end__ = .
                0x00000000                __qspi_non_retentive_size__ = (__qspi_non_retentive_end__ - __qspi_non_retentive_start__)
                0x04000000                __qspi_region_max_size__ = 0x4000000
                0x60000000                __qspi_region_start_address__ = __qspi_flash_start__
                0x64000000                __qspi_region_end_address__ = (__qspi_flash_start__ + __qspi_region_max_size__)

.noinit         0x1ffe0084       0x38 load address 0x00005e14
                0x1ffe0084                . = ALIGN (0x4)
                0x1ffe0084                __noinit_start = .
 *(.noinit*)
 .noinit        0x1ffe0084       0x14 ./synergy/ssp/src/driver/r_ioport/r_ioport.o
 .noinit        0x1ffe0098        0x4 ./synergy/ssp/src/driver/r_fmi/r_fmi.o
 .noinit        0x1ffe009c       0x20 ./synergy/ssp/src/driver/r_cgc/r_cgc.o
                0x1ffe00a0                gp_cgc_feature
                0x1ffe00bc                __noinit_end = .

.bss            0x1ffe00bc      0x120 load address 0x00005e4c
                0x1ffe00bc                . = ALIGN (0x4)
                0x1ffe00bc                __bss_start__ = .
 *(.bss*)
 .bss           0x1ffe00bc       0x1c c:/program files (x86)/gnu tools arm embedded/4.9 2015q3/bin/../lib/gcc/arm-none-eabi/4.9.3/armv7e-m/fpu/crtbegin.o
 .bss.g_protect_pfswe_counter
                0x1ffe00d8        0x2 ./synergy/ssp/src/driver/r_ioport/r_ioport.o
                0x1ffe00d8                g_protect_pfswe_counter
 *fill*         0x1ffe00da        0x2 
 .bss.gp_elc_reg
                0x1ffe00dc        0x4 ./synergy/ssp/src/driver/r_elc/r_elc.o
 .bss.g_adc_valid_channels
                0x1ffe00e0        0x8 ./synergy/ssp/src/driver/r_adc/r_adc.o
 .bss.g_bsp_group_irq_sources
                0x1ffe00e8       0x30 ./synergy/ssp/src/bsp/mcu/s7g2/bsp_group_irq.o
 .bss.g_vector_information_size
                0x1ffe0118        0x4 ./synergy/ssp/src/bsp/mcu/all/bsp_irq.o
                0x1ffe0118                g_vector_information_size
 .bss.g_bsp_lock_lookup_size
                0x1ffe011c        0x4 ./synergy/ssp/src/bsp/mcu/all/bsp_locking.o
 .bss.gp_bsp_lock_lookup
                0x1ffe0120        0x4 ./synergy/ssp/src/bsp/mcu/all/bsp_locking.o
 .bss.gp_bsp_locks
                0x1ffe0124        0x4 ./synergy/ssp/src/bsp/mcu/all/bsp_locking.o
 .bss.g_protect_counters
                0x1ffe0128        0x6 ./synergy/ssp/src/bsp/mcu/all/bsp_register_protection.o
 *fill*         0x1ffe012e        0x2 
 .bss.SystemCoreClock
                0x1ffe0130        0x4 ./synergy/ssp/src/bsp/cmsis/Device/RENESAS/S7G2/Source/system_S7G2.o
                0x1ffe0130                SystemCoreClock
 .bss.device_characteristics
                0x1ffe0134        0x3 ./synergy/board/s7g2_sk/bsp_qspi.o
 *fill*         0x1ffe0137        0x1 
 .bss.flag_status1
                0x1ffe0138        0x1 ./synergy/board/s7g2_sk/bsp_qspi.o
 *fill*         0x1ffe0139        0x3 
 .bss.flag_status2
                0x1ffe013c        0x1 ./synergy/board/s7g2_sk/bsp_qspi.o
 *fill*         0x1ffe013d        0x3 
 .bss.g_timer0_ctrl
                0x1ffe0140       0x18 ./src/synergy_gen/hal_data.o
 .bss.gp_ctrl_GPT_0_COUNTER_OVERFLOW
                0x1ffe0158        0x4 ./src/synergy_gen/hal_data.o
 .bss.g_timer1_ctrl
                0x1ffe015c       0x18 ./src/synergy_gen/hal_data.o
 .bss.counts    0x1ffe0174        0x4 ./src/mainTick.o
                0x1ffe0174                counts
 .bss.bfMainTickElapsed
                0x1ffe0178        0x1 ./src/mainTick.o
                0x1ffe0178                bfMainTickElapsed
 *(COMMON)
 *fill*         0x1ffe0179        0x3 
 COMMON         0x1ffe017c       0x34 ./src/synergy_gen/hal_data.o
                0x1ffe017c                g_adc0_ctrl
 COMMON         0x1ffe01b0       0x2b ./src/hal_entry.o
                0x1ffe01b0                Sw5Filter
                0x1ffe01bc                Led2
                0x1ffe01c0                blinkCnt
                0x1ffe01c4                Led3
                0x1ffe01c5                Sw4Filtered
                0x1ffe01c6                P05_status
                0x1ffe01c7                Led1
                0x1ffe01c8                enableLed3Process
                0x1ffe01cc                Sw4Filter
                0x1ffe01d8                Sw5Filtered
                0x1ffe01d9                P64_status
                0x1ffe01da                P06_status
                0x1ffe01dc                . = ALIGN (0x4)
 *fill*         0x1ffe01db        0x1 
                0x1ffe01dc                __bss_end__ = .

.heap           0x1ffe01e0     0x1000 load address 0x00005f70
                0x1ffe01e0                . = ALIGN (0x8)
 *(.heap_d1)
                0x1ffe01e0                . = ALIGN (0x8)
                0x1ffe01e0                __HeapBase = .
                0x1ffe01e0                __end__ = .
                0x1ffe01e0                end = __end__
 *(.heap*)
 .heap          0x1ffe01e0     0x1000 ./synergy/ssp/src/bsp/cmsis/Device/RENESAS/S7G2/Source/startup_S7G2.o
                0x1ffe11e0                __HeapLimit = .

.stack_dummy    0x1ffe11e0     0x1000 load address 0x00006f70
                0x1ffe11e0                . = ALIGN (0x8)
                0x1ffe11e0                __StackLimit = .
 *(.stack)
 .stack         0x1ffe11e0     0x1000 ./synergy/ssp/src/bsp/cmsis/Device/RENESAS/S7G2/Source/startup_S7G2.o
                0x1ffe21e0                __StackTop = .
 *(.stack*)
                0x1ffe21e0                __StackTopAll = .
                0x1ffe21e0                PROVIDE (__stack, __StackTopAll)
                0x1ffe21e0                __RAM_segment_used_end__ = ALIGN (__StackTopAll, 0x4)

.data_flash     0x40100000        0x0
                0x40100000                __Data_Flash_Start = .
 *(.data_flash*)
                0x40100000                __Data_Flash_End = .

.sdram          0x90000000        0x0
                0x90000000                __SDRAM_Start = .
 *(.sdram*)
 *(.frame*)
                0x90000000                __SDRAM_End = .

.id_code_1      0x40120050       0x10
                0x40120050                __ID_Codes_Start = .
 *(.id_code_1*)
 .id_code_1     0x40120050       0x10 ./synergy/ssp/src/bsp/mcu/s7g2/bsp_rom_registers.o
                0x40120060                __ID_Codes_End = .
OUTPUT(IOs.elf elf32-littlearm)

.rel.dyn        0x40120060        0x0
 .rel.iplt      0x00000000        0x0 c:/program files (x86)/gnu tools arm embedded/4.9 2015q3/bin/../lib/gcc/arm-none-eabi/4.9.3/armv7e-m/fpu/crtbegin.o

.ARM.attributes
                0x00000000       0x30
 .ARM.attributes
                0x00000000       0x22 c:/program files (x86)/gnu tools arm embedded/4.9 2015q3/bin/../lib/gcc/arm-none-eabi/4.9.3/armv7e-m/fpu/crti.o
 .ARM.attributes
                0x00000022       0x34 c:/program files (x86)/gnu tools arm embedded/4.9 2015q3/bin/../lib/gcc/arm-none-eabi/4.9.3/armv7e-m/fpu/crtbegin.o
 .ARM.attributes
                0x00000056       0x39 ./synergy/ssp/src/driver/r_ioport/r_ioport.o
 .ARM.attributes
                0x0000008f       0x39 ./synergy/ssp/src/driver/r_gpt/r_gpt.o
 .ARM.attributes
                0x000000c8       0x39 ./synergy/ssp/src/driver/r_fmi/r_fmi.o
 .ARM.attributes
                0x00000101       0x39 ./synergy/ssp/src/driver/r_elc/r_elc.o
 .ARM.attributes
                0x0000013a       0x39 ./synergy/ssp/src/driver/r_cgc/r_cgc.o
 .ARM.attributes
                0x00000173       0x39 ./synergy/ssp/src/driver/r_adc/r_adc.o
 .ARM.attributes
                0x000001ac       0x39 ./synergy/ssp/src/bsp/mcu/s7g2/bsp_cache.o
 .ARM.attributes
                0x000001e5       0x39 ./synergy/ssp/src/bsp/mcu/s7g2/bsp_clocks.o
 .ARM.attributes
                0x0000021e       0x39 ./synergy/ssp/src/bsp/mcu/s7g2/bsp_feature.o
 .ARM.attributes
                0x00000257       0x39 ./synergy/ssp/src/bsp/mcu/s7g2/bsp_fmi_R7FS7G27H3A01CFC.o
 .ARM.attributes
                0x00000290       0x39 ./synergy/ssp/src/bsp/mcu/s7g2/bsp_group_irq.o
 .ARM.attributes
                0x000002c9       0x39 ./synergy/ssp/src/bsp/mcu/s7g2/bsp_hw_locks.o
 .ARM.attributes
                0x00000302       0x39 ./synergy/ssp/src/bsp/mcu/s7g2/bsp_module_stop.o
 .ARM.attributes
                0x0000033b       0x39 ./synergy/ssp/src/bsp/mcu/s7g2/bsp_rom_registers.o
 .ARM.attributes
                0x00000374       0x39 ./synergy/ssp/src/bsp/mcu/all/bsp_common.o
 .ARM.attributes
                0x000003ad       0x39 ./synergy/ssp/src/bsp/mcu/all/bsp_delay.o
 .ARM.attributes
                0x000003e6       0x39 ./synergy/ssp/src/bsp/mcu/all/bsp_irq.o
 .ARM.attributes
                0x0000041f       0x39 ./synergy/ssp/src/bsp/mcu/all/bsp_locking.o
 .ARM.attributes
                0x00000458       0x39 ./synergy/ssp/src/bsp/mcu/all/bsp_register_protection.o
 .ARM.attributes
                0x00000491       0x39 ./synergy/ssp/src/bsp/cmsis/Device/RENESAS/S7G2/Source/startup_S7G2.o
 .ARM.attributes
                0x000004ca       0x39 ./synergy/ssp/src/bsp/cmsis/Device/RENESAS/S7G2/Source/system_S7G2.o
 .ARM.attributes
                0x00000503       0x39 ./synergy/board/s7g2_sk/bsp_init.o
 .ARM.attributes
                0x0000053c       0x39 ./synergy/board/s7g2_sk/bsp_qspi.o
 .ARM.attributes
                0x00000575       0x39 ./src/synergy_gen/common_data.o
 .ARM.attributes
                0x000005ae       0x39 ./src/synergy_gen/hal_data.o
 .ARM.attributes
                0x000005e7       0x39 ./src/synergy_gen/main.o
 .ARM.attributes
                0x00000620       0x39 ./src/synergy_gen/pin_data.o
 .ARM.attributes
                0x00000659       0x39 ./src/BtnDigitalFilter.o
 .ARM.attributes
                0x00000692       0x39 ./src/hal_entry.o
 .ARM.attributes
                0x000006cb       0x39 ./src/mainTick.o
 .ARM.attributes
                0x00000704       0x22 c:/program files (x86)/gnu tools arm embedded/4.9 2015q3/bin/../lib/gcc/arm-none-eabi/4.9.3/armv7e-m/fpu\libgcc.a(_arm_addsubdf3.o)
 .ARM.attributes
                0x00000726       0x22 c:/program files (x86)/gnu tools arm embedded/4.9 2015q3/bin/../lib/gcc/arm-none-eabi/4.9.3/armv7e-m/fpu\libgcc.a(_arm_cmpdf2.o)
 .ARM.attributes
                0x00000748       0x22 c:/program files (x86)/gnu tools arm embedded/4.9 2015q3/bin/../lib/gcc/arm-none-eabi/4.9.3/armv7e-m/fpu\libgcc.a(_aeabi_uldivmod.o)
 .ARM.attributes
                0x0000076a       0x34 c:/program files (x86)/gnu tools arm embedded/4.9 2015q3/bin/../lib/gcc/arm-none-eabi/4.9.3/armv7e-m/fpu\libgcc.a(bpabi.o)
 .ARM.attributes
                0x0000079e       0x22 c:/program files (x86)/gnu tools arm embedded/4.9 2015q3/bin/../lib/gcc/arm-none-eabi/4.9.3/armv7e-m/fpu\libgcc.a(_dvmd_tls.o)
 .ARM.attributes
                0x000007c0       0x34 c:/program files (x86)/gnu tools arm embedded/4.9 2015q3/bin/../lib/gcc/arm-none-eabi/4.9.3/armv7e-m/fpu\libgcc.a(_divdi3.o)
 .ARM.attributes
                0x000007f4       0x34 c:/program files (x86)/gnu tools arm embedded/4.9 2015q3/bin/../lib/gcc/arm-none-eabi/4.9.3/armv7e-m/fpu\libgcc.a(_udivdi3.o)
 .ARM.attributes
                0x00000828       0x34 c:/program files (x86)/gnu tools arm embedded/4.9 2015q3/bin/../lib/gcc/arm-none-eabi/4.9.3/../../../../arm-none-eabi/lib/armv7e-m/fpu\libg_nano.a(lib_a-memset.o)
 .ARM.attributes
                0x0000085c       0x34 c:/program files (x86)/gnu tools arm embedded/4.9 2015q3/bin/../lib/gcc/arm-none-eabi/4.9.3/armv7e-m/fpu/crtend.o
 .ARM.attributes
                0x00000890       0x22 c:/program files (x86)/gnu tools arm embedded/4.9 2015q3/bin/../lib/gcc/arm-none-eabi/4.9.3/armv7e-m/fpu/crtn.o

.comment        0x00000000       0x70
 .comment       0x00000000       0x70 ./synergy/ssp/src/driver/r_ioport/r_ioport.o
                                 0x71 (size before relaxing)
 .comment       0x00000000       0x71 ./synergy/ssp/src/driver/r_gpt/r_gpt.o
 .comment       0x00000000       0x71 ./synergy/ssp/src/driver/r_fmi/r_fmi.o
 .comment       0x00000000       0x71 ./synergy/ssp/src/driver/r_elc/r_elc.o
 .comment       0x00000000       0x71 ./synergy/ssp/src/driver/r_cgc/r_cgc.o
 .comment       0x00000000       0x71 ./synergy/ssp/src/driver/r_adc/r_adc.o
 .comment       0x00000000       0x71 ./synergy/ssp/src/bsp/mcu/s7g2/bsp_cache.o
 .comment       0x00000000       0x71 ./synergy/ssp/src/bsp/mcu/s7g2/bsp_clocks.o
 .comment       0x00000000       0x71 ./synergy/ssp/src/bsp/mcu/s7g2/bsp_feature.o
 .comment       0x00000000       0x71 ./synergy/ssp/src/bsp/mcu/s7g2/bsp_fmi_R7FS7G27H3A01CFC.o
 .comment       0x00000000       0x71 ./synergy/ssp/src/bsp/mcu/s7g2/bsp_group_irq.o
 .comment       0x00000000       0x71 ./synergy/ssp/src/bsp/mcu/s7g2/bsp_hw_locks.o
 .comment       0x00000000       0x71 ./synergy/ssp/src/bsp/mcu/s7g2/bsp_module_stop.o
 .comment       0x00000000       0x71 ./synergy/ssp/src/bsp/mcu/s7g2/bsp_rom_registers.o
 .comment       0x00000000       0x71 ./synergy/ssp/src/bsp/mcu/all/bsp_common.o
 .comment       0x00000000       0x71 ./synergy/ssp/src/bsp/mcu/all/bsp_delay.o
 .comment       0x00000000       0x71 ./synergy/ssp/src/bsp/mcu/all/bsp_irq.o
 .comment       0x00000000       0x71 ./synergy/ssp/src/bsp/mcu/all/bsp_locking.o
 .comment       0x00000000       0x71 ./synergy/ssp/src/bsp/mcu/all/bsp_register_protection.o
 .comment       0x00000000       0x71 ./synergy/ssp/src/bsp/cmsis/Device/RENESAS/S7G2/Source/startup_S7G2.o
 .comment       0x00000000       0x71 ./synergy/ssp/src/bsp/cmsis/Device/RENESAS/S7G2/Source/system_S7G2.o
 .comment       0x00000000       0x71 ./synergy/board/s7g2_sk/bsp_init.o
 .comment       0x00000000       0x71 ./synergy/board/s7g2_sk/bsp_qspi.o
 .comment       0x00000000       0x71 ./src/synergy_gen/common_data.o
 .comment       0x00000000       0x71 ./src/synergy_gen/hal_data.o
 .comment       0x00000000       0x71 ./src/synergy_gen/main.o
 .comment       0x00000000       0x71 ./src/synergy_gen/pin_data.o
 .comment       0x00000000       0x71 ./src/BtnDigitalFilter.o
 .comment       0x00000000       0x71 ./src/hal_entry.o
 .comment       0x00000000       0x71 ./src/mainTick.o

.debug_info     0x00000000    0x44ca1
 .debug_info    0x00000000     0xf9c5 ./synergy/ssp/src/driver/r_ioport/r_ioport.o
 .debug_info    0x0000f9c5     0x6950 ./synergy/ssp/src/driver/r_gpt/r_gpt.o